Component: ARM Compiler 5.06 update 5 (build 528) Tool: armlink [4d35e2]

==============================================================================

Section Cross References

    main.o(.text) refers to port.o(.text) for vPortEnterCritical
    main.o(.text) refers to queue.o(.text) for xQueueGenericCreate
    main.o(.text) refers to tasks.o(.text) for xTaskCreate
    main.o(.text) refers to timers.o(.text) for xTimerCreate
    main.o(.text) refers to misc.o(.text) for NVIC_Init
    main.o(.text) refers to stm32f10x_rcc.o(.text) for RCC_DeInit
    main.o(.text) refers to stm32f10x_flash.o(.text) for FLASH_SetLatency
    main.o(.text) refers to iic_slave.o(.text) for IICSLAVE_Init
    main.o(.text) refers to delay.o(.text) for delay_init
    main.o(.text) refers to app.o(.data) for Check_Queue
    main.o(.text) refers to app.o(.text) for Receive_task
    main.o(.text) refers to main.o(.data) for I2c_ReadCallback_Handler
    stm32f10x_it.o(.text) refers to iic_slave.o(.text) for I2C2_interrupt
    stm32f10x_it.o(.text) refers to stm32f10x_exti.o(.text) for EXTI_ClearITPendingBit
    stm32f10x_it.o(.text) refers to bsp_gpio.o(.text) for Gpio_interrupt
    system_stm32f10x.o(.text) refers to system_stm32f10x.o(.data) for SystemCoreClock
    app.o(.text) refers to queue.o(.text) for xQueueGenericReceive
    app.o(.text) refers to tasks.o(.text) for vTaskDelay
    app.o(.text) refers to send_task.o(.text) for send_init
    app.o(.text) refers to check_task.o(.text) for Check_init
    app.o(.text) refers to app.o(.data) for Check_Queue
    check_task.o(.text) refers to stm32f10x_rcc.o(.text) for RCC_APB2PeriphClockCmd
    check_task.o(.text) refers to stm32f10x_gpio.o(.text) for GPIO_Init
    check_task.o(.text) refers to bsp_gpio.o(.text) for Gpio_setconfig
    check_task.o(.text) refers to bsp_dma.o(.text) for MYDMA_Config
    check_task.o(.text) refers to stm32f10x_adc.o(.text) for ADC_DeInit
    check_task.o(.text) refers to check_task.o(.data) for DMA1_MEM_LEN
    check_task.o(.text) refers to check_task.o(.bss) for RE_buffer
    check_task.o(.text) refers to stm32f10x_dma.o(.text) for DMA_GetFlagStatus
    send_task.o(.text) refers to rt_memclr_w.o(.text) for __aeabi_memclr4
    send_task.o(.text) refers to lib_queue.o(.text) for LibQueue_Initialize
    send_task.o(.text) refers to send_task.o(.constdata) for m_u16_ChecksumTable16Bit
    iic_slave.o(.text) refers to stm32f10x_i2c.o(.text) for I2C_Init
    iic_slave.o(.text) refers to misc.o(.text) for NVIC_Init
    iic_slave.o(.text) refers to stm32f10x_rcc.o(.text) for RCC_APB2PeriphClockCmd
    iic_slave.o(.text) refers to stm32f10x_gpio.o(.text) for GPIO_Init
    iic_slave.o(.text) refers to iic_slave.o(.data) for Tx_Idx
    iic_slave.o(.text) refers to iic_slave.o(.bss) for I2C1_Buffer_Tx
    timer.o(.text) refers to stm32f10x_rcc.o(.text) for RCC_APB1PeriphClockCmd
    timer.o(.text) refers to stm32f10x_tim.o(.text) for TIM_TimeBaseInit
    timer.o(.text) refers to misc.o(.text) for NVIC_Init
    timer.o(.text) refers to timer.o(.data) for FreeRTOSRunTimeTicks
    bsp_gpio.o(.text) refers to stm32f10x_rcc.o(.text) for RCC_APB2PeriphClockCmd
    bsp_gpio.o(.text) refers to misc.o(.text) for NVIC_Init
    bsp_gpio.o(.text) refers to stm32f10x_gpio.o(.text) for GPIO_Init
    bsp_gpio.o(.text) refers to stm32f10x_exti.o(.text) for EXTI_Init
    bsp_gpio.o(.text) refers to bsp_gpio.o(.bss) for m_gpiocallback
    bsp_gpio.o(.text) refers to bsp_gpio.o(.data) for EtiIRQchannel
    bsp_adc.o(.text) refers to stm32f10x_rcc.o(.text) for RCC_APB2PeriphClockCmd
    bsp_adc.o(.text) refers to stm32f10x_adc.o(.text) for ADC_DeInit
    bsp_adc.o(.text) refers to delay.o(.text) for delay_ms
    bsp_dma.o(.text) refers to stm32f10x_rcc.o(.text) for RCC_AHBPeriphClockCmd
    bsp_dma.o(.text) refers to stm32f10x_dma.o(.text) for DMA_DeInit
    bsp_dma.o(.text) refers to check_task.o(.data) for DMA1_MEM_LEN
    bsp_dma.o(.text) refers to bsp_dma.o(.bss) for DMA_InitStructure
    bsp_iic.o(.text) refers to stm32f10x_rcc.o(.text) for RCC_APB2PeriphClockCmd
    bsp_iic.o(.text) refers to stm32f10x_gpio.o(.text) for GPIO_Init
    bsp_iic.o(.text) refers to delay.o(.text) for delay_us
    delay.o(.text) refers to tasks.o(.text) for xTaskGetSchedulerState
    delay.o(.text) refers to port.o(.text) for xPortSysTickHandler
    delay.o(.text) refers to misc.o(.text) for SysTick_CLKSourceConfig
    delay.o(.text) refers to system_stm32f10x.o(.data) for SystemCoreClock
    delay.o(.text) refers to delay.o(.data) for fac_us
    usart.o(.text) refers (Special) to use_no_semi_2.o(.text) for __use_no_semihosting
    usart.o(.text) refers to stm32f10x_rcc.o(.text) for RCC_APB2PeriphClockCmd
    usart.o(.text) refers to stm32f10x_gpio.o(.text) for GPIO_Init
    usart.o(.text) refers to misc.o(.text) for NVIC_Init
    usart.o(.text) refers to stm32f10x_usart.o(.text) for USART_Init
    usart.o(.text) refers to usart.o(.data) for USART_RX_STA
[...]
    ucMaxSysCallPriority                     0x20000148   Data           1  port.o(.data)
    ulMaxPRIGROUPValue                       0x2000014c   Data           4  port.o(.data)
    .data                                    0x20000150   Section       24  heap_4.o(.data)
    xStart                                   0x20000150   Data           8  heap_4.o(.data)
    pxEnd                                    0x20000158   Data           4  heap_4.o(.data)
    xFreeBytesRemaining                      0x2000015c   Data           4  heap_4.o(.data)
    xMinimumEverFreeBytesRemaining           0x20000160   Data           4  heap_4.o(.data)
    xBlockAllocatedBit                       0x20000164   Data           4  heap_4.o(.data)
    .bss                                     0x20000168   Section      608  check_task.o(.bss)
    RE_buffer                                0x20000168   Data          28  check_task.o(.bss)
    Channel1_Res                             0x20000184   Data          80  check_task.o(.bss)
    Channel2_Res                             0x200001d4   Data          80  check_task.o(.bss)
    Channel3_Res                             0x20000224   Data          80  check_task.o(.bss)
    Channel4_Res                             0x20000274   Data          80  check_task.o(.bss)
    Channel5_Res                             0x200002c4   Data          80  check_task.o(.bss)
    Channel6_Res                             0x20000314   Data          80  check_task.o(.bss)
    Channel7_Res                             0x20000364   Data          20  check_task.o(.bss)
    .bss                                     0x200003c8   Section       60  iic_slave.o(.bss)
    I2C1_Buffer_Tx                           0x200003c8   Data          30  iic_slave.o(.bss)
    I2C1_Buffer_Rx                           0x200003e6   Data          30  iic_slave.o(.bss)
    .bss                                     0x20000404   Section       80  bsp_gpio.o(.bss)
    m_gpiocallback                           0x20000404   Data          64  bsp_gpio.o(.bss)
    Gpio_InterruptPort                       0x20000444   Data          16  bsp_gpio.o(.bss)
    .bss                                     0x20000454   Section       44  bsp_dma.o(.bss)
    .bss                                     0x20000480   Section      200  usart.o(.bss)
    .bss                                     0x20000548   Section       64  queue.o(.bss)
    .bss                                     0x20000588   Section      740  tasks.o(.bss)
    pxReadyTasksLists                        0x20000588   Data         640  tasks.o(.bss)
    xDelayedTaskList1                        0x20000808   Data          20  tasks.o(.bss)
    xDelayedTaskList2                        0x2000081c   Data          20  tasks.o(.bss)
    xPendingReadyList                        0x20000830   Data          20  tasks.o(.bss)
    xTasksWaitingTermination                 0x20000844   Data          20  tasks.o(.bss)
    xSuspendedTaskList                       0x20000858   Data          20  tasks.o(.bss)
    .bss                                     0x2000086c   Section       40  timers.o(.bss)
    xActiveTimerList1                        0x2000086c   Data          20  timers.o(.bss)
    xActiveTimerList2                        0x20000880   Data          20  timers.o(.bss)
    .bss                                     0x20000894   Section    20480  heap_4.o(.bss)
    ucHeap                                   0x20000894   Data       20480  heap_4.o(.bss)
    .bss                                     0x20005894   Section       96  libspace.o(.bss)
    HEAP                                     0x200058f8   Section      512  startup_stm32f10x_hd.o(HEAP)
    Heap_Mem                                 0x200058f8   Data         512  startup_stm32f10x_hd.o(HEAP)
    STACK                                    0x20005af8   Section     1024  startup_stm32f10x_hd.o(STACK)
    Stack_Mem                                0x20005af8   Data        1024  startup_stm32f10x_hd.o(STACK)
    __initial_sp                             0x20005ef8   Data           0  startup_stm32f10x_hd.o(STACK)

    Global Symbols

    Symbol Name                              Value     Ov Type        Size  Object(Section)

    BuildAttributes$$THM_ISAv4$P$D$K$B$S$PE$A:L22UL41UL21$X:L11$S22US41US21$IEEE1$IW$USESV6$~STKCKD$USESV7$~SHL$OSPACE$ROPI$EBA8$UX$STANDARDLIB$REQ8$PRES8$EABIv2 0x00000000   Number         0  anon$$obj.o ABSOLUTE
    __ARM_use_no_argv                        0x00000000   Number         0  main.o ABSOLUTE
    __ARM_exceptions_init                     - Undefined Weak Reference
    __alloca_initialize                       - Undefined Weak Reference
    __arm_preinit_                            - Undefined Weak Reference
    __cpp_initialize__aeabi_                  - Undefined Weak Reference
    __cxa_finalize                            - Undefined Weak Reference
    __rt_locale                               - Undefined Weak Reference
    __sigvec_lookup                           - Undefined Weak Reference
    _atexit_init                              - Undefined Weak Reference
    _call_atexit_fns                          - Undefined Weak Reference
    _clock_init                               - Undefined Weak Reference
    _fp_trap_init                             - Undefined Weak Reference
    _fp_trap_shutdown                         - Undefined Weak Reference
    _get_lc_collate                           - Undefined Weak Reference
    _get_lc_ctype                             - Undefined Weak Reference
    _get_lc_monetary                          - Undefined Weak Reference
    _get_lc_numeric                           - Undefined Weak Reference
    _get_lc_time                              - Undefined Weak Reference
    _getenv_init                              - Undefined Weak Reference
    _handle_redirection                       - Undefined Weak Reference
    _init_alloc                               - Undefined Weak Reference
    _init_user_alloc                          - Undefined Weak Reference
    _initio                                   - Undefined Weak Reference
    _mutex_acquire                            - Undefined Weak Reference
    _mutex_release                            - Undefined Weak Reference
    _printf_mbtowc                            - Undefined Weak Reference
    _printf_post_padding                      - Undefined Weak Reference
    _printf_pre_padding                       - Undefined Weak Reference
    _printf_truncate_signed                   - Undefined Weak Reference
    _printf_truncate_unsigned                 - Undefined Weak Reference
    _rand_init                                - Undefined Weak Reference
    _signal_finish                            - Undefined Weak Reference
    _signal_init                              - Undefined Weak Reference
    _terminate_alloc                          - Undefined Weak Reference
    _terminate_user_alloc                     - Undefined Weak Reference
    _terminateio                              - Undefined Weak Reference
    __Vectors_Size                           0x00000130   Number         0  startup_stm32f10x_hd.o ABSOLUTE
    __Vectors                                0x08000000   Data           4  startup_stm32f10x_hd.o(RESET)
    __Vectors_End                            0x08000130   Data           0  startup_stm32f10x_hd.o(RESET)
    __main                                   0x08000131   Thumb Code     8  __main.o(!!!main)
    __scatterload                            0x08000139   Thumb Code     0  __scatter.o(!!!scatter)
    __scatterload_rt2                        0x08000139   Thumb Code    44  __scatter.o(!!!scatter)
    __scatterload_rt2_thumb_only             0x08000139   Thumb Code     0  __scatter.o(!!!scatter)
    __scatterload_null                       0x08000147   Thumb Code     0  __scatter.o(!!!scatter)
    __decompress                             0x0800016d   Thumb Code    90  __dczerorl2.o(!!dczerorl2)
    __decompress1                            0x0800016d   Thumb Code     0  __dczerorl2.o(!!dczerorl2)
    __scatterload_zeroinit                   0x080001c9   Thumb Code    28  __scatter_zi.o(!!handler_zi)
    _printf_d                                0x080001e5   Thumb Code     0  _printf_d.o(.ARM.Collect$$_printf_percent$$00000009)
    _printf_percent                          0x080001e5   Thumb Code     0  _printf_percent.o(.ARM.Collect$$_printf_percent$$00000000)
    _printf_u                                0x080001eb   Thumb Code     0  _printf_u.o(.ARM.Collect$$_printf_percent$$0000000A)
    _printf_c                                0x080001f1   Thumb Code     0  _printf_c.o(.ARM.Collect$$_printf_percent$$00000013)
    _printf_s                                0x080001f7   Thumb Code     0  _printf_s.o(.ARM.Collect$$_printf_percent$$00000014)
    _printf_percent_end                      0x080001fd   Thumb Code     0  _printf_percent_end.o(.ARM.Collect$$_printf_percent$$00000017)
    __rt_lib_init                            0x08000201   Thumb Code     0  libinit.o(.ARM.Collect$$libinit$$00000000)
    __rt_lib_init_alloca_1                   0x08000203   Thumb Code     0  libinit2.o(.ARM.Collect$$libinit$$0000002E)
    __rt_lib_init_argv_1                     0x08000203   Thumb Code     0  libinit2.o(.ARM.Collect$$libinit$$0000002C)
    __rt_lib_init_atexit_1                   0x08000203   Thumb Code     0  libinit2.o(.ARM.Collect$$libinit$$0000001B)
    __rt_lib_init_clock_1                    0x08000203   Thumb Code     0  libinit2.o(.ARM.Collect$$libinit$$00000021)
    __rt_lib_init_cpp_1                      0x08000203   Thumb Code     0  libinit2.o(.ARM.Collect$$libinit$$00000032)
    __rt_lib_init_exceptions_1               0x08000203   Thumb Code     0  libinit2.o(.ARM.Collect$$libinit$$00000030)
    __rt_lib_init_fp_1                       0x08000203   Thumb Code     0  libinit2.o(.ARM.Collect$$libinit$$00000002)
    __rt_lib_init_fp_trap_1                  0x08000203   Thumb Code     0  libinit2.o(.ARM.Collect$$libinit$$0000001F)
    __rt_lib_init_getenv_1                   0x08000203   Thumb Code     0  libinit2.o(.ARM.Collect$$libinit$$00000023)
    __rt_lib_init_heap_1                     0x08000203   Thumb Code     0  libinit2.o(.ARM.Collect$$libinit$$0000000A)
    __rt_lib_init_lc_collate_1               0x08000203   Thumb Code     0  libinit2.o(.ARM.Collect$$libinit$$00000011)
    __rt_lib_init_lc_ctype_1                 0x08000203   Thumb Code     0  libinit2.o(.ARM.Collect$$libinit$$00000013)
    __rt_lib_init_lc_monetary_1              0x08000203   Thumb Code     0  libinit2.o(.ARM.Collect$$libinit$$00000015)
    __rt_lib_init_lc_numeric_1               0x08000203   Thumb Code     0  libinit2.o(.ARM.Collect$$libinit$$00000017)
    __rt_lib_init_lc_time_1                  0x08000203   Thumb Code     0  libinit2.o(.ARM.Collect$$libinit$$00000019)
    __rt_lib_init_preinit_1                  0x08000203   Thumb Code     0  libinit2.o(.ARM.Collect$$libinit$$00000004)
    __rt_lib_init_rand_1                     0x08000203   Thumb Code     0  libinit2.o(.ARM.Collect$$libinit$$0000000E)
    __rt_lib_init_return                     0x08000203   Thumb Code     0  libinit2.o(.ARM.Collect$$libinit$$00000033)
    __rt_lib_init_signal_1                   0x08000203   Thumb Code     0  libinit2.o(.ARM.Collect$$libinit$$0000001D)
    __rt_lib_init_stdio_1                    0x08000203   Thumb Code     0  libinit2.o(.ARM.Collect$$libinit$$00000025)
    __rt_lib_init_user_alloc_1               0x08000203   Thumb Code     0  libinit2.o(.ARM.Collect$$libinit$$0000000C)
    __rt_lib_shutdown                        0x08000205   Thumb Code     0  libshutdown.o(.ARM.Collect$$libshutdown$$00000000)
    __rt_lib_shutdown_cpp_1                  0x08000207   Thumb Code     0  libshutdown2.o(.ARM.Collect$$libshutdown$$00000002)
    __rt_lib_shutdown_fp_trap_1              0x08000207   Thumb Code     0  libshutdown2.o(.ARM.Collect$$libshutdown$$00000007)
    __rt_lib_shutdown_heap_1                 0x08000207   Thumb Code     0  libshutdown2.o(.ARM.Collect$$libshutdown$$0000000F)
    __rt_lib_shutdown_return                 0x08000207   Thumb Code     0  libshutdown2.o(.ARM.Collect$$libshutdown$$00000010)
    __rt_lib_shutdown_signal_1               0x08000207   Thumb Code     0  libshutdown2.o(.ARM.Collect$$libshutdown$$0000000A)
    __rt_lib_shutdown_stdio_1                0x08000207   Thumb Code     0  libshutdown2.o(.ARM.Collect$$libshutdown$$00000004)
    __rt_lib_shutdown_user_alloc_1           0x08000207   Thumb Code     0  libshutdown2.o(.ARM.Collect$$libshutdown$$0000000C)
    __rt_entry                               0x08000209   Thumb Code     0  __rtentry.o(.ARM.Collect$$rtentry$$00000000)
    __rt_entry_presh_1                       0x08000209   Thumb Code     0  __rtentry2.o(.ARM.Collect$$rtentry$$00000002)
    __rt_entry_sh                            0x08000209   Thumb Code     0  __rtentry4.o(.ARM.Collect$$rtentry$$00000004)
    __rt_entry_li                            0x0800020f   Thumb Code     0  __rtentry2.o(.ARM.Collect$$rtentry$$0000000A)
    __rt_entry_postsh_1                      0x0800020f   Thumb Code     0  __rtentry2.o(.ARM.Collect$$rtentry$$00000009)
    __rt_entry_main                          0x08000213   Thumb Code     0  __rtentry2.o(.ARM.Collect$$rtentry$$0000000D)
    __rt_entry_postli_1                      0x08000213   Thumb Code     0  __rtentry2.o(.ARM.Collect$$rtentry$$0000000C)
    __rt_exit                                0x0800021b   Thumb Code     0  rtexit.o(.ARM.Collect$$rtexit$$00000000)
    __rt_exit_ls                             0x0800021d   Thumb Code     0  rtexit2.o(.ARM.Collect$$rtexit$$00000003)
    __rt_exit_prels_1                        0x0800021d   Thumb Code     0  rtexit2.o(.ARM.Collect$$rtexit$$00000002)
    __rt_exit_exit                           0x08000221   Thumb Code     0  rtexit2.o(.ARM.Collect$$rtexit$$00000004)
    SVC_Handler                              0x08000229   Thumb Code    32  port.o(.emb_text)
    __asm___6_port_c_39a90d8d__prvStartFirstTask 0x0800024d   Thumb Code    28  port.o(.emb_text)
    PendSV_Handler                           0x0800026d   Thumb Code    72  port.o(.emb_text)
    vPortGetIPSR                             0x080002b9   Thumb Code     6  port.o(.emb_text)
    I2c_ReadCallback                         0x080002c1   Thumb Code     2  main.o(.text)
    start_task                               0x080002c3   Thumb Code   146  main.o(.text)
    NVIC_Configuration                       0x08000355   Thumb Code    34  main.o(.text)
    RCC_Configuration                        0x08000377   Thumb Code   100  main.o(.text)
    main                                     0x080003db   Thumb Code    56  main.o(.text)
    NMI_Handler                              0x08000485   Thumb Code     2  stm32f10x_it.o(.text)
    HardFault_Handler                        0x08000487   Thumb Code     4  stm32f10x_it.o(.text)
    MemManage_Handler                        0x0800048b   Thumb Code     4  stm32f10x_it.o(.text)
    BusFault_Handler                         0x0800048f   Thumb Code     4  stm32f10x_it.o(.text)
    UsageFault_Handler                       0x08000493   Thumb Code     4  stm32f10x_it.o(.text)
    DebugMon_Handler                         0x08000497   Thumb Code     2  stm32f10x_it.o(.text)
    I2C2_EV_IRQHandler                       0x08000499   Thumb Code     8  stm32f10x_it.o(.text)
    EXTI0_IRQHandler                         0x080004a1   Thumb Code    16  stm32f10x_it.o(.text)
    EXTI1_IRQHandler                         0x080004b1   Thumb Code    16  stm32f10x_it.o(.text)
    EXTI2_IRQHandler                         0x080004c1   Thumb Code    16  stm32f10x_it.o(.text)
    EXTI3_IRQHandler                         0x080004d1   Thumb Code    16  stm32f10x_it.o(.text)
    EXTI4_IRQHandler                         0x080004e1   Thumb Code    16  stm32f10x_it.o(.text)
    EXTI9_5_IRQHandler                       0x080004f1   Thumb Code    18  stm32f10x_it.o(.text)
    EXTI15_10_IRQHandler                     0x08000503   Thumb Code    18  stm32f10x_it.o(.text)
    I2C1_ER_IRQHandler                       0x08000515   Thumb Code     8  stm32f10x_it.o(.text)
    SystemInit                               0x080005fb   Thumb Code    78  system_stm32f10x.o(.text)
    SystemCoreClockUpdate                    0x08000649   Thumb Code   142  system_stm32f10x.o(.text)
    Receive_task                             0x080006fd   Thumb Code    36  app.o(.text)
    Send_task                                0x08000721   Thumb Code    14  app.o(.text)
    Check_task                               0x0800072f   Thumb Code    50  app.o(.text)
    Systemgpio_init                          0x08000765   Thumb Code   310  check_task.o(.text)
    Check_init                               0x0800090d   Thumb Code    12  check_task.o(.text)
    Adcchannel_clear                         0x0800091b   Thumb Code    24  check_task.o(.text)
    StartallchannelADCS                      0x08000933   Thumb Code   370  check_task.o(.text)
    Adcvalue_INORDER                         0x08000aa5   Thumb Code   358  check_task.o(.text)
    checkalldata                             0x080010d9   Thumb Code     8  check_task.o(.text)
    gpio_wake_test                           0x080010e1   Thumb Code   118  check_task.o(.text)
    Check_Error                              0x08001157   Thumb Code    54  check_task.o(.text)
    Check_ok                                 0x0800118d   Thumb Code    54  check_task.o(.text)
    Check_normal                             0x080011c3   Thumb Code    52  check_task.o(.text)
    LibQueue_Initialize                      0x0800121d   Thumb Code    18  lib_queue.o(.text)
    LibQueue_SetConfig                       0x0800122f   Thumb Code    26  lib_queue.o(.text)
    LibQueue_GetConfig                       0x08001249   Thumb Code    40  lib_queue.o(.text)
    LibQueue_PushHead                        0x08001285   Thumb Code   132  lib_queue.o(.text)
    LibQueue_PushTail                        0x08001309   Thumb Code   140  lib_queue.o(.text)
    LibQueue_PopHead                         0x08001395   Thumb Code   156  lib_queue.o(.text)
    LibQueue_PopTail                         0x08001431   Thumb Code   148  lib_queue.o(.text)
    LibQueue_PeekHead                        0x080014c5   Thumb Code   130  lib_queue.o(.text)
    LibQueue_PeekTail                        0x08001547   Thumb Code   130  lib_queue.o(.text)
    LibChecksum_GetChecksum16Bit             0x080015c9   Thumb Code    70  send_task.o(.text)
    LibChecksum_GetChecksumPartial16Bit      0x0800160f   Thumb Code    66  send_task.o(.text)
    TEST_LIB                                 0x08001651   Thumb Code   136  send_task.o(.text)
    send_init                                0x080016d9   Thumb Code     2  send_task.o(.text)
    IICSLAVE_Init                            0x08001783   Thumb Code    60  iic_slave.o(.text)
    I2C2_interrupt                           0x080017bf   Thumb Code   138  iic_slave.o(.text)
    I2C2_ER_INTERRUPT                        0x08001849   Thumb Code    50  iic_slave.o(.text)
    TIM3_Int_Init                            0x080018a5   Thumb Code    90  timer.o(.text)
    ConfigureTimeForRunTimeStats             0x080018ff   Thumb Code    20  timer.o(.text)
    TIM3_IRQHandler                          0x08001913   Thumb Code    42  timer.o(.text)
    Gpio_setconfig                           0x08001a75   Thumb Code   490  bsp_gpio.o(.text)
    Gpio_interrupt                           0x08001cc5   Thumb Code    56  bsp_gpio.o(.text)
    Gpio_test                                0x08001cfd   Thumb Code    96  bsp_gpio.o(.text)
    MYDMA_Config                             0x08001d5d   Thumb Code    86  bsp_dma.o(.text)
    MYDMA_Enable                             0x08001db3   Thumb Code    32  bsp_dma.o(.text)
    SysTick_Handler                          0x08001de1   Thumb Code    16  delay.o(.text)
    delay_init                               0x08001df1   Thumb Code    74  delay.o(.text)
    delay_us                                 0x08001e3b   Thumb Code    68  delay.o(.text)
    delay_ms                                 0x08001e7f   Thumb Code    60  delay.o(.text)
    delay_xms                                0x08001ebb   Thumb Code    24  delay.o(.text)
    _sys_exit                                0x08001ee5   Thumb Code     4  usart.o(.text)
    fputc                                    0x08001ee9   Thumb Code    24  usart.o(.text)
    uart_init                                0x08001f01   Thumb Code   152  usart.o(.text)
    USART1_IRQHandler                        0x08001f99   Thumb Code   122  usart.o(.text)
    Reset_Handler                            0x08002025   Thumb Code     8  startup_stm32f10x_hd.o(.text)
    ADC1_2_IRQHandler                        0x0800203f   Thumb Code     0  startup_stm32f10x_hd.o(.text)
    ADC3_IRQHandler                          0x0800203f   Thumb Code     0  startup_stm32f10x_hd.o(.text)
    CAN1_RX1_IRQHandler                      0x0800203f   Thumb Code     0  startup_stm32f10x_hd.o(.text)
    CAN1_SCE_IRQHandler                      0x0800203f   Thumb Code     0  startup_stm32f10x_hd.o(.text)
    DMA1_Channel1_IRQHandler                 0x0800203f   Thumb Code     0  startup_stm32f10x_hd.o(.text)
    DMA1_Channel2_IRQHandler                 0x0800203f   Thumb Code     0  startup_stm32f10x_hd.o(.text)
    DMA1_Channel3_IRQHandler                 0x0800203f   Thumb Code     0  startup_stm32f10x_hd.o(.text)
    DMA1_Channel4_IRQHandler                 0x0800203f   Thumb Code     0  startup_stm32f10x_hd.o(.text)
    DMA1_Channel5_IRQHandler                 0x0800203f   Thumb Code     0  startup_stm32f10x_hd.o(.text)
    DMA1_Channel6_IRQHandler                 0x0800203f   Thumb Code     0  startup_stm32f10x_hd.o(.text)
    DMA1_Channel7_IRQHandler                 0x0800203f   Thumb Code     0  startup_stm32f10x_hd.o(.text)
    DMA2_Channel1_IRQHandler                 0x0800203f   Thumb Code     0  startup_stm32f10x_hd.o(.text)
    DMA2_Channel2_IRQHandler                 0x0800203f   Thumb Code     0  startup_stm32f10x_hd.o(.text)
    DMA2_Channel3_IRQHandler                 0x0800203f   Thumb Code     0  startup_stm32f10x_hd.o(.text)
    DMA2_Channel4_5_IRQHandler               0x0800203f   Thumb Code     0  startup_stm32f10x_hd.o(.text)
    FLASH_IRQHandler                         0x0800203f   Thumb Code     0  startup_stm32f10x_hd.o(.text)
    FSMC_IRQHandler                          0x0800203f   Thumb Code     0  startup_stm32f10x_hd.o(.text)
    I2C1_EV_IRQHandler                       0x0800203f   Thumb Code     0  startup_stm32f10x_hd.o(.text)
    I2C2_ER_IRQHandler                       0x0800203f   Thumb Code     0  startup_stm32f10x_hd.o(.text)
    PVD_IRQHandler                           0x0800203f   Thumb Code     0  startup_stm32f10x_hd.o(.text)
    RCC_IRQHandler                           0x0800203f   Thumb Code     0  startup_stm32f10x_hd.o(.text)
    RTCAlarm_IRQHandler                      0x0800203f   Thumb Code     0  startup_stm32f10x_hd.o(.text)
    RTC_IRQHandler                           0x0800203f   Thumb Code     0  startup_stm32f10x_hd.o(.text)
    SDIO_IRQHandler                          0x0800203f   Thumb Code     0  startup_stm32f10x_hd.o(.text)
    SPI1_IRQHandler                          0x0800203f   Thumb Code     0  startup_stm32f10x_hd.o(.text)
    SPI2_IRQHandler                          0x0800203f   Thumb Code     0  startup_stm32f10x_hd.o(.text)
    SPI3_IRQHandler                          0x0800203f   Thumb Code     0  startup_stm32f10x_hd.o(.text)
    TAMPER_IRQHandler                        0x0800203f   Thumb Code     0  startup_stm32f10x_hd.o(.text)
    TIM1_BRK_IRQHandler                      0x0800203f   Thumb Code     0  startup_stm32f10x_hd.o(.text)
    TIM1_CC_IRQHandler                       0x0800203f   Thumb Code     0  startup_stm32f10x_hd.o(.text)
    TIM1_TRG_COM_IRQHandler                  0x0800203f   Thumb Code     0  startup_stm32f10x_hd.o(.text)
    TIM1_UP_IRQHandler                       0x0800203f   Thumb Code     0  startup_stm32f10x_hd.o(.text)
    TIM2_IRQHandler                          0x0800203f   Thumb Code     0  startup_stm32f10x_hd.o(.text)
    TIM4_IRQHandler                          0x0800203f   Thumb Code     0  startup_stm32f10x_hd.o(.text)
    TIM5_IRQHandler                          0x0800203f   Thumb Code     0  startup_stm32f10x_hd.o(.text)
    TIM6_IRQHandler                          0x0800203f   Thumb Code     0  startup_stm32f10x_hd.o(.text)
    TIM7_IRQHandler                          0x0800203f   Thumb Code     0  startup_stm32f10x_hd.o(.text)
    TIM8_BRK_IRQHandler                      0x0800203f   Thumb Code     0  startup_stm32f10x_hd.o(.text)
    TIM8_CC_IRQHandler                       0x0800203f   Thumb Code     0  startup_stm32f10x_hd.o(.text)
    TIM8_TRG_COM_IRQHandler                  0x0800203f   Thumb Code     0  startup_stm32f10x_hd.o(.text)
    TIM8_UP_IRQHandler                       0x0800203f   Thumb Code     0  startup_stm32f10x_hd.o(.text)
    UART4_IRQHandler                         0x0800203f   Thumb Code     0  startup_stm32f10x_hd.o(.text)
    UART5_IRQHandler                         0x0800203f   Thumb Code     0  startup_stm32f10x_hd.o(.text)
    USART2_IRQHandler                        0x0800203f   Thumb Code     0  startup_stm32f10x_hd.o(.text)
    USART3_IRQHandler                        0x0800203f   Thumb Code     0  startup_stm32f10x_hd.o(.text)
    USBWakeUp_IRQHandler                     0x0800203f   Thumb Code     0  startup_stm32f10x_hd.o(.text)
    USB_HP_CAN1_TX_IRQHandler                0x0800203f   Thumb Code     0  startup_stm32f10x_hd.o(.text)
    USB_LP_CAN1_RX0_IRQHandler               0x0800203f   Thumb Code     0  startup_stm32f10x_hd.o(.text)
    WWDG_IRQHandler                          0x0800203f   Thumb Code     0  startup_stm32f10x_hd.o(.text)
    __user_initial_stackheap                 0x08002041   Thumb Code     0  startup_stm32f10x_hd.o(.text)
    NVIC_PriorityGroupConfig                 0x08002065   Thumb Code    10  misc.o(.text)
    NVIC_Init                                0x0800206f   Thumb Code   100  misc.o(.text)
    NVIC_SetVectorTable                      0x080020d3   Thumb Code    14  misc.o(.text)
    NVIC_SystemLPConfig                      0x080020e1   Thumb Code    34  misc.o(.text)
    SysTick_CLKSourceConfig                  0x08002103   Thumb Code    40  misc.o(.text)
    GPIO_DeInit                              0x08002141   Thumb Code   172  stm32f10x_gpio.o(.text)
    GPIO_AFIODeInit                          0x080021ed   Thumb Code    20  stm32f10x_gpio.o(.text)
    GPIO_Init                                0x08002201   Thumb Code   278  stm32f10x_gpio.o(.text)
    GPIO_StructInit                          0x08002317   Thumb Code    16  stm32f10x_gpio.o(.text)
    GPIO_ReadInputDataBit                    0x08002327   Thumb Code    18  stm32f10x_gpio.o(.text)
    GPIO_ReadInputData                       0x08002339   Thumb Code     8  stm32f10x_gpio.o(.text)
    GPIO_ReadOutputDataBit                   0x08002341   Thumb Code    18  stm32f10x_gpio.o(.text)
    GPIO_ReadOutputData                      0x08002353   Thumb Code     8  stm32f10x_gpio.o(.text)
    GPIO_SetBits                             0x0800235b   Thumb Code     4  stm32f10x_gpio.o(.text)
    GPIO_ResetBits                           0x0800235f   Thumb Code     4  stm32f10x_gpio.o(.text)
    GPIO_WriteBit                            0x08002363   Thumb Code    10  stm32f10x_gpio.o(.text)
    GPIO_Write                               0x0800236d   Thumb Code     4  stm32f10x_gpio.o(.text)
    GPIO_PinLockConfig                       0x08002371   Thumb Code    18  stm32f10x_gpio.o(.text)
    GPIO_EventOutputConfig                   0x08002383   Thumb Code    26  stm32f10x_gpio.o(.text)
    GPIO_EventOutputCmd                      0x0800239d   Thumb Code     6  stm32f10x_gpio.o(.text)
    GPIO_PinRemapConfig                      0x080023a3   Thumb Code   138  stm32f10x_gpio.o(.text)
    GPIO_EXTILineConfig                      0x0800242d   Thumb Code    66  stm32f10x_gpio.o(.text)
    GPIO_ETH_MediaInterfaceConfig            0x0800246f   Thumb Code     8  stm32f10x_gpio.o(.text)
    RCC_DeInit                               0x0800249d   Thumb Code    64  stm32f10x_rcc.o(.text)
    RCC_HSEConfig                            0x080024dd   Thumb Code    70  stm32f10x_rcc.o(.text)
    RCC_GetFlagStatus                        0x08002523   Thumb Code    56  stm32f10x_rcc.o(.text)
    RCC_WaitForHSEStartUp                    0x0800255b   Thumb Code    56  stm32f10x_rcc.o(.text)
    RCC_AdjustHSICalibrationValue            0x08002593   Thumb Code    20  stm32f10x_rcc.o(.text)
    RCC_HSICmd                               0x080025a7   Thumb Code     6  stm32f10x_rcc.o(.text)
    RCC_PLLConfig                            0x080025ad   Thumb Code    24  stm32f10x_rcc.o(.text)
    RCC_PLLCmd                               0x080025c5   Thumb Code     6  stm32f10x_rcc.o(.text)
    RCC_SYSCLKConfig                         0x080025cb   Thumb Code    18  stm32f10x_rcc.o(.text)
    RCC_GetSYSCLKSource                      0x080025dd   Thumb Code    10  stm32f10x_rcc.o(.text)
    RCC_HCLKConfig                           0x080025e7   Thumb Code    18  stm32f10x_rcc.o(.text)
    RCC_PCLK1Config                          0x080025f9   Thumb Code    18  stm32f10x_rcc.o(.text)
    RCC_PCLK2Config                          0x0800260b   Thumb Code    20  stm32f10x_rcc.o(.text)
    RCC_ITConfig                             0x0800261f   Thumb Code    26  stm32f10x_rcc.o(.text)
    RCC_USBCLKConfig                         0x08002639   Thumb Code     8  stm32f10x_rcc.o(.text)
    RCC_ADCCLKConfig                         0x08002641   Thumb Code    18  stm32f10x_rcc.o(.text)
    RCC_LSEConfig                            0x08002653   Thumb Code    50  stm32f10x_rcc.o(.text)
    RCC_LSICmd                               0x08002685   Thumb Code     6  stm32f10x_rcc.o(.text)
    RCC_RTCCLKConfig                         0x0800268b   Thumb Code    12  stm32f10x_rcc.o(.text)
    RCC_RTCCLKCmd                            0x08002697   Thumb Code     8  stm32f10x_rcc.o(.text)
    RCC_GetClocksFreq                        0x0800269f   Thumb Code   192  stm32f10x_rcc.o(.text)
    RCC_AHBPeriphClockCmd                    0x0800275f   Thumb Code    26  stm32f10x_rcc.o(.text)
    RCC_APB2PeriphClockCmd                   0x08002779   Thumb Code    26  stm32f10x_rcc.o(.text)
    RCC_APB1PeriphClockCmd                   0x08002793   Thumb Code    26  stm32f10x_rcc.o(.text)
    RCC_APB2PeriphResetCmd                   0x080027ad   Thumb Code    26  stm32f10x_rcc.o(.text)
    RCC_APB1PeriphResetCmd                   0x080027c7   Thumb Code    26  stm32f10x_rcc.o(.text)
    RCC_BackupResetCmd                       0x080027e1   Thumb Code     8  stm32f10x_rcc.o(.text)
    RCC_ClockSecuritySystemCmd               0x080027e9   Thumb Code     6  stm32f10x_rcc.o(.text)
    RCC_MCOConfig                            0x080027ef   Thumb Code     6  stm32f10x_rcc.o(.text)
    RCC_ClearFlag                            0x080027f5   Thumb Code    14  stm32f10x_rcc.o(.text)
    RCC_GetITStatus                          0x08002803   Thumb Code    20  stm32f10x_rcc.o(.text)
    RCC_ClearITPendingBit                    0x08002817   Thumb Code     6  stm32f10x_rcc.o(.text)
    USART_DeInit                             0x08002841   Thumb Code   134  stm32f10x_usart.o(.text)
    USART_Init                               0x080028c7   Thumb Code   210  stm32f10x_usart.o(.text)
    USART_StructInit                         0x08002999   Thumb Code    24  stm32f10x_usart.o(.text)
    USART_ClockInit                          0x080029b1   Thumb Code    34  stm32f10x_usart.o(.text)
    USART_ClockStructInit                    0x080029d3   Thumb Code    12  stm32f10x_usart.o(.text)
    USART_Cmd                                0x080029df   Thumb Code    24  stm32f10x_usart.o(.text)
    USART_ITConfig                           0x080029f7   Thumb Code    74  stm32f10x_usart.o(.text)
    USART_DMACmd                             0x08002a41   Thumb Code    18  stm32f10x_usart.o(.text)
    USART_SetAddress                         0x08002a53   Thumb Code    18  stm32f10x_usart.o(.text)
    USART_WakeUpConfig                       0x08002a65   Thumb Code    18  stm32f10x_usart.o(.text)
    USART_ReceiverWakeUpCmd                  0x08002a77   Thumb Code    24  stm32f10x_usart.o(.text)
    USART_LINBreakDetectLengthConfig         0x08002a8f   Thumb Code    18  stm32f10x_usart.o(.text)
    USART_LINCmd                             0x08002aa1   Thumb Code    24  stm32f10x_usart.o(.text)
    USART_SendData                           0x08002ab9   Thumb Code     8  stm32f10x_usart.o(.text)
    USART_ReceiveData                        0x08002ac1   Thumb Code    10  stm32f10x_usart.o(.text)
    USART_SendBreak                          0x08002acb   Thumb Code    10  stm32f10x_usart.o(.text)
    USART_SetGuardTime                       0x08002ad5   Thumb Code    16  stm32f10x_usart.o(.text)
    USART_SetPrescaler                       0x08002ae5   Thumb Code    16  stm32f10x_usart.o(.text)
    USART_SmartCardCmd                       0x08002af5   Thumb Code    24  stm32f10x_usart.o(.text)
    USART_SmartCardNACKCmd                   0x08002b0d   Thumb Code    24  stm32f10x_usart.o(.text)
    USART_HalfDuplexCmd                      0x08002b25   Thumb Code    24  stm32f10x_usart.o(.text)
    USART_OverSampling8Cmd                   0x08002b3d   Thumb Code    22  stm32f10x_usart.o(.text)
    USART_OneBitMethodCmd                    0x08002b53   Thumb Code    24  stm32f10x_usart.o(.text)
    USART_IrDAConfig                         0x08002b6b   Thumb Code    18  stm32f10x_usart.o(.text)
    USART_IrDACmd                            0x08002b7d   Thumb Code    24  stm32f10x_usart.o(.text)
    USART_GetFlagStatus                      0x08002b95   Thumb Code    26  stm32f10x_usart.o(.text)
    USART_ClearFlag                          0x08002baf   Thumb Code    18  stm32f10x_usart.o(.text)
    USART_GetITStatus                        0x08002bc1   Thumb Code    84  stm32f10x_usart.o(.text)
    USART_ClearITPendingBit                  0x08002c15   Thumb Code    52  stm32f10x_usart.o(.text)
    TIM_DeInit                               0x08002c49   Thumb Code   424  stm32f10x_tim.o(.text)
    TIM_TimeBaseInit                         0x08002df1   Thumb Code   122  stm32f10x_tim.o(.text)
    TIM_OC1Init                              0x08002e6b   Thumb Code   132  stm32f10x_tim.o(.text)
    TIM_OC2Init                              0x08002eef   Thumb Code   154  stm32f10x_tim.o(.text)
    TIM_OC3Init                              0x08002f89   Thumb Code   150  stm32f10x_tim.o(.text)
    TIM_OC4Init                              0x0800301f   Thumb Code   182  stm32f10x_tim.o(.text)
    TIM_SetIC4Prescaler                      0x080030d5   Thumb Code    26  stm32f10x_tim.o(.text)
    TIM_SetIC3Prescaler                      0x08003171   Thumb Code    18  stm32f10x_tim.o(.text)
    TIM_SetIC2Prescaler                      0x080031fd   Thumb Code    26  stm32f10x_tim.o(.text)
    TIM_SetIC1Prescaler                      0x08003299   Thumb Code    18  stm32f10x_tim.o(.text)
    TIM_ICInit                               0x08003317   Thumb Code   150  stm32f10x_tim.o(.text)
    TIM_PWMIConfig                           0x080033ad   Thumb Code   124  stm32f10x_tim.o(.text)
    TIM_BDTRConfig                           0x08003429   Thumb Code    32  stm32f10x_tim.o(.text)
    TIM_TimeBaseStructInit                   0x08003449   Thumb Code    18  stm32f10x_tim.o(.text)
    TIM_OCStructInit                         0x0800345b   Thumb Code    20  stm32f10x_tim.o(.text)
    TIM_ICStructInit                         0x0800346f   Thumb Code    18  stm32f10x_tim.o(.text)
    TIM_BDTRStructInit                       0x08003481   Thumb Code    40  stm32f10x_tim.o(.text)
    TIM_Cmd                                  0x080034a9   Thumb Code    24  stm32f10x_tim.o(.text)
    TIM_CtrlPWMOutputs                       0x080034c1   Thumb Code    30  stm32f10x_tim.o(.text)
    TIM_ITConfig                             0x080034df   Thumb Code    18  stm32f10x_tim.o(.text)
    TIM_GenerateEvent                        0x080034f1   Thumb Code     4  stm32f10x_tim.o(.text)
    TIM_DMAConfig                            0x080034f5   Thumb Code    10  stm32f10x_tim.o(.text)
    TIM_DMACmd                               0x080034ff   Thumb Code    18  stm32f10x_tim.o(.text)
    TIM_InternalClockConfig                  0x08003511   Thumb Code    12  stm32f10x_tim.o(.text)
    TIM_SelectInputTrigger                   0x0800351d   Thumb Code    18  stm32f10x_tim.o(.text)
    TIM_ITRxExternalClockConfig              0x0800352f   Thumb Code    24  stm32f10x_tim.o(.text)
    TIM_TIxExternalClockConfig               0x08003547   Thumb Code    62  stm32f10x_tim.o(.text)
    TIM_ETRConfig                            0x08003585   Thumb Code    28  stm32f10x_tim.o(.text)
    TIM_ETRClockMode1Config                  0x080035a1   Thumb Code    54  stm32f10x_tim.o(.text)
    TIM_ETRClockMode2Config                  0x080035d7   Thumb Code    32  stm32f10x_tim.o(.text)
    TIM_PrescalerConfig                      0x080035f7   Thumb Code     6  stm32f10x_tim.o(.text)
    TIM_CounterModeConfig                    0x080035fd   Thumb Code    18  stm32f10x_tim.o(.text)
    TIM_EncoderInterfaceConfig               0x0800360f   Thumb Code    66  stm32f10x_tim.o(.text)
    TIM_ForcedOC1Config                      0x08003651   Thumb Code    18  stm32f10x_tim.o(.text)
    TIM_ForcedOC2Config                      0x08003663   Thumb Code    26  stm32f10x_tim.o(.text)
    TIM_ForcedOC3Config                      0x0800367d   Thumb Code    18  stm32f10x_tim.o(.text)
    TIM_ForcedOC4Config                      0x0800368f   Thumb Code    26  stm32f10x_tim.o(.text)
    TIM_ARRPreloadConfig                     0x080036a9   Thumb Code    24  stm32f10x_tim.o(.text)
    TIM_SelectCOM                            0x080036c1   Thumb Code    24  stm32f10x_tim.o(.text)
    TIM_SelectCCDMA                          0x080036d9   Thumb Code    24  stm32f10x_tim.o(.text)
    TIM_CCPreloadControl                     0x080036f1   Thumb Code    24  stm32f10x_tim.o(.text)
    TIM_OC1PreloadConfig                     0x08003709   Thumb Code    18  stm32f10x_tim.o(.text)
    TIM_OC2PreloadConfig                     0x0800371b   Thumb Code    26  stm32f10x_tim.o(.text)
    TIM_OC3PreloadConfig                     0x08003735   Thumb Code    18  stm32f10x_tim.o(.text)
    TIM_OC4PreloadConfig                     0x08003747   Thumb Code    26  stm32f10x_tim.o(.text)
    TIM_OC1FastConfig                        0x08003761   Thumb Code    18  stm32f10x_tim.o(.text)
    TIM_OC2FastConfig                        0x08003773   Thumb Code    26  stm32f10x_tim.o(.text)
    TIM_OC3FastConfig                        0x0800378d   Thumb Code    18  stm32f10x_tim.o(.text)
    TIM_OC4FastConfig                        0x0800379f   Thumb Code    26  stm32f10x_tim.o(.text)
    TIM_ClearOC1Ref                          0x080037b9   Thumb Code    18  stm32f10x_tim.o(.text)
    TIM_ClearOC2Ref                          0x080037cb   Thumb Code    24  stm32f10x_tim.o(.text)
    TIM_ClearOC3Ref                          0x080037e3   Thumb Code    18  stm32f10x_tim.o(.text)
    TIM_ClearOC4Ref                          0x080037f5   Thumb Code    24  stm32f10x_tim.o(.text)
    TIM_OC1PolarityConfig                    0x0800380d   Thumb Code    18  stm32f10x_tim.o(.text)
    TIM_OC1NPolarityConfig                   0x0800381f   Thumb Code    18  stm32f10x_tim.o(.text)
    TIM_OC2PolarityConfig                    0x08003831   Thumb Code    26  stm32f10x_tim.o(.text)
    TIM_OC2NPolarityConfig                   0x0800384b   Thumb Code    26  stm32f10x_tim.o(.text)
    TIM_OC3PolarityConfig                    0x08003865   Thumb Code    26  stm32f10x_tim.o(.text)
    TIM_OC3NPolarityConfig                   0x0800387f   Thumb Code    26  stm32f10x_tim.o(.text)
    TIM_OC4PolarityConfig                    0x08003899   Thumb Code    26  stm32f10x_tim.o(.text)
    TIM_CCxCmd                               0x080038b3   Thumb Code    30  stm32f10x_tim.o(.text)
    TIM_CCxNCmd                              0x080038d1   Thumb Code    30  stm32f10x_tim.o(.text)
    TIM_SelectOCxM                           0x080038ef   Thumb Code    82  stm32f10x_tim.o(.text)
    TIM_UpdateDisableConfig                  0x08003941   Thumb Code    24  stm32f10x_tim.o(.text)
    TIM_UpdateRequestConfig                  0x08003959   Thumb Code    24  stm32f10x_tim.o(.text)
    TIM_SelectHallSensor                     0x08003971   Thumb Code    24  stm32f10x_tim.o(.text)
    TIM_SelectOnePulseMode                   0x08003989   Thumb Code    18  stm32f10x_tim.o(.text)
    TIM_SelectOutputTrigger                  0x0800399b   Thumb Code    18  stm32f10x_tim.o(.text)
    TIM_SelectSlaveMode                      0x080039ad   Thumb Code    18  stm32f10x_tim.o(.text)
    TIM_SelectMasterSlaveMode                0x080039bf   Thumb Code    18  stm32f10x_tim.o(.text)
    TIM_SetCounter                           0x080039d1   Thumb Code     4  stm32f10x_tim.o(.text)
    TIM_SetAutoreload                        0x080039d5   Thumb Code     4  stm32f10x_tim.o(.text)
    TIM_SetCompare1                          0x080039d9   Thumb Code     4  stm32f10x_tim.o(.text)
    TIM_SetCompare2                          0x080039dd   Thumb Code     4  stm32f10x_tim.o(.text)
    TIM_SetCompare3                          0x080039e1   Thumb Code     4  stm32f10x_tim.o(.text)
    TIM_SetCompare4                          0x080039e5   Thumb Code     6  stm32f10x_tim.o(.text)
    TIM_SetClockDivision                     0x080039eb   Thumb Code    18  stm32f10x_tim.o(.text)
    TIM_GetCapture1                          0x080039fd   Thumb Code     6  stm32f10x_tim.o(.text)
    TIM_GetCapture2                          0x08003a03   Thumb Code     6  stm32f10x_tim.o(.text)
    TIM_GetCapture3                          0x08003a09   Thumb Code     6  stm32f10x_tim.o(.text)
    TIM_GetCapture4                          0x08003a0f   Thumb Code     8  stm32f10x_tim.o(.text)
    TIM_GetCounter                           0x08003a17   Thumb Code     6  stm32f10x_tim.o(.text)
    TIM_GetPrescaler                         0x08003a1d   Thumb Code     6  stm32f10x_tim.o(.text)
    TIM_GetFlagStatus                        0x08003a23   Thumb Code    18  stm32f10x_tim.o(.text)
    TIM_ClearFlag                            0x08003a35   Thumb Code     6  stm32f10x_tim.o(.text)
    TIM_GetITStatus                          0x08003a3b   Thumb Code    34  stm32f10x_tim.o(.text)
    TIM_ClearITPendingBit                    0x08003a5d   Thumb Code     6  stm32f10x_tim.o(.text)
    EXTI_DeInit                              0x08003a65   Thumb Code    28  stm32f10x_exti.o(.text)
    EXTI_Init                                0x08003a81   Thumb Code   142  stm32f10x_exti.o(.text)
    EXTI_StructInit                          0x08003b0f   Thumb Code    16  stm32f10x_exti.o(.text)
    EXTI_GenerateSWInterrupt                 0x08003b1f   Thumb Code    16  stm32f10x_exti.o(.text)
    EXTI_GetFlagStatus                       0x08003b2f   Thumb Code    22  stm32f10x_exti.o(.text)
    EXTI_ClearFlag                           0x08003b45   Thumb Code     8  stm32f10x_exti.o(.text)
    EXTI_GetITStatus                         0x08003b4d   Thumb Code    34  stm32f10x_exti.o(.text)
    EXTI_ClearITPendingBit                   0x08003b6f   Thumb Code     8  stm32f10x_exti.o(.text)
    ADC_DeInit                               0x08003b81   Thumb Code    78  stm32f10x_adc.o(.text)
    ADC_Init                                 0x08003bcf   Thumb Code    70  stm32f10x_adc.o(.text)
    ADC_StructInit                           0x08003c15   Thumb Code    18  stm32f10x_adc.o(.text)
    ADC_Cmd                                  0x08003c27   Thumb Code    22  stm32f10x_adc.o(.text)
    ADC_DMACmd                               0x08003c3d   Thumb Code    22  stm32f10x_adc.o(.text)
    ADC_ITConfig                             0x08003c53   Thumb Code    24  stm32f10x_adc.o(.text)
    ADC_ResetCalibration                     0x08003c6b   Thumb Code    10  stm32f10x_adc.o(.text)
    ADC_GetResetCalibrationStatus            0x08003c75   Thumb Code    20  stm32f10x_adc.o(.text)
    ADC_StartCalibration                     0x08003c89   Thumb Code    10  stm32f10x_adc.o(.text)
    ADC_GetCalibrationStatus                 0x08003c93   Thumb Code    20  stm32f10x_adc.o(.text)
    ADC_SoftwareStartConvCmd                 0x08003ca7   Thumb Code    22  stm32f10x_adc.o(.text)
    ADC_GetSoftwareStartConvStatus           0x08003cbd   Thumb Code    20  stm32f10x_adc.o(.text)
    ADC_DiscModeChannelCountConfig           0x08003cd1   Thumb Code    24  stm32f10x_adc.o(.text)
    ADC_DiscModeCmd                          0x08003ce9   Thumb Code    22  stm32f10x_adc.o(.text)
    ADC_RegularChannelConfig                 0x08003cff   Thumb Code   184  stm32f10x_adc.o(.text)
    ADC_ExternalTrigConvCmd                  0x08003db7   Thumb Code    22  stm32f10x_adc.o(.text)
    ADC_GetConversionValue                   0x08003dcd   Thumb Code     8  stm32f10x_adc.o(.text)
    ADC_GetDualModeConversionValue           0x08003dd5   Thumb Code     8  stm32f10x_adc.o(.text)
    ADC_AutoInjectedConvCmd                  0x08003ddd   Thumb Code    22  stm32f10x_adc.o(.text)
    ADC_InjectedDiscModeCmd                  0x08003df3   Thumb Code    22  stm32f10x_adc.o(.text)
    ADC_ExternalTrigInjectedConvConfig       0x08003e09   Thumb Code    16  stm32f10x_adc.o(.text)
    ADC_ExternalTrigInjectedConvCmd          0x08003e19   Thumb Code    22  stm32f10x_adc.o(.text)
    ADC_SoftwareStartInjectedConvCmd         0x08003e2f   Thumb Code    22  stm32f10x_adc.o(.text)
    ADC_GetSoftwareStartInjectedConvCmdStatus 0x08003e45   Thumb Code    20  stm32f10x_adc.o(.text)
    ADC_InjectedChannelConfig                0x08003e59   Thumb Code   130  stm32f10x_adc.o(.text)
    ADC_InjectedSequencerLengthConfig        0x08003edb   Thumb Code    24  stm32f10x_adc.o(.text)
    ADC_SetInjectedOffset                    0x08003ef3   Thumb Code    20  stm32f10x_adc.o(.text)
    ADC_GetInjectedConversionValue           0x08003f07   Thumb Code    28  stm32f10x_adc.o(.text)
    ADC_AnalogWatchdogCmd                    0x08003f23   Thumb Code    16  stm32f10x_adc.o(.text)
    ADC_AnalogWatchdogThresholdsConfig       0x08003f33   Thumb Code     6  stm32f10x_adc.o(.text)
    ADC_AnalogWatchdogSingleChannelConfig    0x08003f39   Thumb Code    16  stm32f10x_adc.o(.text)
    ADC_TempSensorVrefintCmd                 0x08003f49   Thumb Code    64  stm32f10x_adc.o(.text)
    ADC_GetFlagStatus                        0x08003f89   Thumb Code    18  stm32f10x_adc.o(.text)
    ADC_ClearFlag                            0x08003f9b   Thumb Code     6  stm32f10x_adc.o(.text)
    ADC_GetITStatus                          0x08003fa1   Thumb Code    36  stm32f10x_adc.o(.text)
    ADC_ClearITPendingBit                    0x08003fc5   Thumb Code    10  stm32f10x_adc.o(.text)
    DMA_DeInit                               0x08003fd1   Thumb Code   324  stm32f10x_dma.o(.text)
    DMA_Init                                 0x08004115   Thumb Code    60  stm32f10x_dma.o(.text)
    DMA_StructInit                           0x08004151   Thumb Code    26  stm32f10x_dma.o(.text)
    DMA_Cmd                                  0x0800416b   Thumb Code    24  stm32f10x_dma.o(.text)
    DMA_ITConfig                             0x08004183   Thumb Code    18  stm32f10x_dma.o(.text)
    DMA_SetCurrDataCounter                   0x08004195   Thumb Code     4  stm32f10x_dma.o(.text)
    DMA_GetCurrDataCounter                   0x08004199   Thumb Code     8  stm32f10x_dma.o(.text)
    DMA_GetFlagStatus                        0x080041a1   Thumb Code    40  stm32f10x_dma.o(.text)
    DMA_ClearFlag                            0x080041c9   Thumb Code    22  stm32f10x_dma.o(.text)
    DMA_GetITStatus                          0x080041df   Thumb Code    40  stm32f10x_dma.o(.text)
    DMA_ClearITPendingBit                    0x08004207   Thumb Code    22  stm32f10x_dma.o(.text)
    FLASH_SetLatency                         0x08004225   Thumb Code    18  stm32f10x_flash.o(.text)
    FLASH_HalfCycleAccessCmd                 0x08004237   Thumb Code    22  stm32f10x_flash.o(.text)
    FLASH_PrefetchBufferCmd                  0x0800424d   Thumb Code    22  stm32f10x_flash.o(.text)
    FLASH_Unlock                             0x08004263   Thumb Code    12  stm32f10x_flash.o(.text)
    FLASH_UnlockBank1                        0x0800426f   Thumb Code    12  stm32f10x_flash.o(.text)
    FLASH_Lock                               0x0800427b   Thumb Code    14  stm32f10x_flash.o(.text)
    FLASH_LockBank1                          0x08004289   Thumb Code    14  stm32f10x_flash.o(.text)
    FLASH_GetBank1Status                     0x08004297   Thumb Code    48  stm32f10x_flash.o(.text)
    FLASH_WaitForLastOperation               0x080042c7   Thumb Code    38  stm32f10x_flash.o(.text)
    FLASH_ErasePage                          0x080042ed   Thumb Code    72  stm32f10x_flash.o(.text)
    FLASH_EraseAllPages                      0x08004335   Thumb Code    68  stm32f10x_flash.o(.text)
    FLASH_WaitForLastBank1Operation          0x08004379   Thumb Code    38  stm32f10x_flash.o(.text)
    FLASH_EraseAllBank1Pages                 0x0800439f   Thumb Code    68  stm32f10x_flash.o(.text)
    FLASH_GetReadOutProtectionStatus         0x080043e3   Thumb Code    20  stm32f10x_flash.o(.text)
    FLASH_EraseOptionBytes                   0x080043f7   Thumb Code   150  stm32f10x_flash.o(.text)
    FLASH_ProgramWord                        0x0800448d   Thumb Code   102  stm32f10x_flash.o(.text)
    FLASH_ProgramHalfWord                    0x080044f3   Thumb Code    60  stm32f10x_flash.o(.text)
    FLASH_ProgramOptionByteData              0x0800452f   Thumb Code    72  stm32f10x_flash.o(.text)
    FLASH_EnableWriteProtection              0x08004577   Thumb Code   200  stm32f10x_flash.o(.text)
    FLASH_ReadOutProtection                  0x0800463f   Thumb Code   156  stm32f10x_flash.o(.text)
    FLASH_UserOptionByteConfig               0x080046db   Thumb Code    88  stm32f10x_flash.o(.text)
    FLASH_GetUserOptionByte                  0x08004733   Thumb Code     8  stm32f10x_flash.o(.text)
    FLASH_GetWriteProtectionOptionByte       0x0800473b   Thumb Code     6  stm32f10x_flash.o(.text)
    FLASH_GetPrefetchBufferStatus            0x08004741   Thumb Code    20  stm32f10x_flash.o(.text)
    FLASH_ITConfig                           0x08004755   Thumb Code    26  stm32f10x_flash.o(.text)
    FLASH_GetFlagStatus                      0x0800476f   Thumb Code    42  stm32f10x_flash.o(.text)
    FLASH_ClearFlag                          0x08004799   Thumb Code     6  stm32f10x_flash.o(.text)
    FLASH_GetStatus                          0x0800479f   Thumb Code    48  stm32f10x_flash.o(.text)
    I2C_DeInit                               0x080047e1   Thumb Code    50  stm32f10x_i2c.o(.text)
    I2C_Init                                 0x08004813   Thumb Code   222  stm32f10x_i2c.o(.text)
    I2C_StructInit                           0x080048f1   Thumb Code    30  stm32f10x_i2c.o(.text)
    I2C_Cmd                                  0x0800490f   Thumb Code    24  stm32f10x_i2c.o(.text)
    I2C_DMACmd                               0x08004927   Thumb Code    24  stm32f10x_i2c.o(.text)
    I2C_DMALastTransferCmd                   0x0800493f   Thumb Code    24  stm32f10x_i2c.o(.text)
    I2C_GenerateSTART                        0x08004957   Thumb Code    24  stm32f10x_i2c.o(.text)
    I2C_GenerateSTOP                         0x0800496f   Thumb Code    24  stm32f10x_i2c.o(.text)
    I2C_AcknowledgeConfig                    0x08004987   Thumb Code    24  stm32f10x_i2c.o(.text)
    I2C_OwnAddress2Config                    0x0800499f   Thumb Code    22  stm32f10x_i2c.o(.text)
    I2C_DualAddressCmd                       0x080049b5   Thumb Code    24  stm32f10x_i2c.o(.text)
    I2C_GeneralCallCmd                       0x080049cd   Thumb Code    24  stm32f10x_i2c.o(.text)
    I2C_ITConfig                             0x080049e5   Thumb Code    18  stm32f10x_i2c.o(.text)
    I2C_SendData                             0x080049f7   Thumb Code     4  stm32f10x_i2c.o(.text)
    I2C_ReceiveData                          0x080049fb   Thumb Code     8  stm32f10x_i2c.o(.text)
    I2C_Send7bitAddress                      0x08004a03   Thumb Code    18  stm32f10x_i2c.o(.text)
    I2C_ReadRegister                         0x08004a15   Thumb Code    22  stm32f10x_i2c.o(.text)
    I2C_SoftwareResetCmd                     0x08004a2b   Thumb Code    22  stm32f10x_i2c.o(.text)
    I2C_NACKPositionConfig                   0x08004a41   Thumb Code    28  stm32f10x_i2c.o(.text)
    I2C_SMBusAlertConfig                     0x08004a5d   Thumb Code    28  stm32f10x_i2c.o(.text)
    I2C_TransmitPEC                          0x08004a79   Thumb Code    24  stm32f10x_i2c.o(.text)
    I2C_PECPositionConfig                    0x08004a91   Thumb Code    28  stm32f10x_i2c.o(.text)
    I2C_CalculatePEC                         0x08004aad   Thumb Code    24  stm32f10x_i2c.o(.text)
    I2C_GetPEC                               0x08004ac5   Thumb Code     8  stm32f10x_i2c.o(.text)
    I2C_ARPCmd                               0x08004acd   Thumb Code    24  stm32f10x_i2c.o(.text)
    I2C_StretchClockCmd                      0x08004ae5   Thumb Code    24  stm32f10x_i2c.o(.text)
    I2C_FastModeDutyCycleConfig              0x08004afd   Thumb Code    28  stm32f10x_i2c.o(.text)
    I2C_CheckEvent                           0x08004b19   Thumb Code    42  stm32f10x_i2c.o(.text)
    I2C_GetLastEvent                         0x08004b43   Thumb Code    26  stm32f10x_i2c.o(.text)
    I2C_GetFlagStatus                        0x08004b5d   Thumb Code    58  stm32f10x_i2c.o(.text)
    I2C_ClearFlag                            0x08004b97   Thumb Code    12  stm32f10x_i2c.o(.text)
    I2C_GetITStatus                          0x08004ba3   Thumb Code    54  stm32f10x_i2c.o(.text)
    I2C_ClearITPendingBit                    0x08004bd9   Thumb Code    12  stm32f10x_i2c.o(.text)
    vListInitialise                          0x08004be5   Thumb Code    26  list.o(.text)
    vListInitialiseItem                      0x08004bff   Thumb Code     6  list.o(.text)
    vListInsertEnd                           0x08004c05   Thumb Code    24  list.o(.text)
    vListInsert                              0x08004c1d   Thumb Code    52  list.o(.text)
    uxListRemove                             0x08004c51   Thumb Code    40  list.o(.text)
    xQueueGenericReset                       0x08004c79   Thumb Code   136  queue.o(.text)
    xQueueGenericCreate                      0x08004d2f   Thumb Code    78  queue.o(.text)
    xQueueGenericSend                        0x08004f25   Thumb Code   456  queue.o(.text)
    xQueueCreateMutex                        0x08005109   Thumb Code    34  queue.o(.text)
    xQueueGiveMutexRecursive                 0x0800512b   Thumb Code    66  queue.o(.text)
    xQueueGenericReceive                     0x080051b1   Thumb Code   428  queue.o(.text)
    xQueueTakeMutexRecursive                 0x0800535d   Thumb Code    76  queue.o(.text)
    xQueueCreateCountingSemaphore            0x080053a9   Thumb Code    80  queue.o(.text)
    xQueueGenericSendFromISR                 0x080053f9   Thumb Code   252  queue.o(.text)
    xQueueGiveFromISR                        0x080054f5   Thumb Code   228  queue.o(.text)
    xQueueReceiveFromISR                     0x080055d9   Thumb Code   190  queue.o(.text)
    xQueuePeekFromISR                        0x08005697   Thumb Code   158  queue.o(.text)
    uxQueueMessagesWaiting                   0x08005735   Thumb Code    36  queue.o(.text)
    uxQueueSpacesAvailable                   0x08005759   Thumb Code    42  queue.o(.text)
    uxQueueMessagesWaitingFromISR            0x08005783   Thumb Code    28  queue.o(.text)
    vQueueUnregisterQueue                    0x0800579f   Thumb Code    44  queue.o(.text)
    vQueueDelete                             0x080057cb   Thumb Code    38  queue.o(.text)
    uxQueueGetQueueNumber                    0x080057f1   Thumb Code     6  queue.o(.text)
    vQueueSetQueueNumber                     0x080057f7   Thumb Code     4  queue.o(.text)
    ucQueueGetQueueType                      0x080057fb   Thumb Code     8  queue.o(.text)
    xQueueIsQueueEmptyFromISR                0x08005803   Thumb Code    36  queue.o(.text)
    xQueueIsQueueFullFromISR                 0x08005827   Thumb Code    40  queue.o(.text)
    vQueueAddToRegistry                      0x0800584f   Thumb Code    38  queue.o(.text)
    pcQueueGetName                           0x08005875   Thumb Code    38  queue.o(.text)
    vQueueWaitForMessageRestricted           0x0800589b   Thumb Code    74  queue.o(.text)
    xQueueCreateSet                          0x080058e5   Thumb Code    20  queue.o(.text)
    xQueueAddToSet                           0x080058f9   Thumb Code    38  queue.o(.text)
    xQueueRemoveFromSet                      0x0800591f   Thumb Code    48  queue.o(.text)
    xQueueSelectFromSet                      0x0800594f   Thumb Code    26  queue.o(.text)
    xQueueSelectFromSetFromISR               0x08005969   Thumb Code    22  queue.o(.text)
    xTaskCreate                              0x08005b13   Thumb Code    96  tasks.o(.text)
    vTaskDelete                              0x08005baf   Thumb Code   192  tasks.o(.text)
    xTaskIncrementTick                       0x08005c6f   Thumb Code   384  tasks.o(.text)
    xTaskResumeAll                           0x08005def   Thumb Code   218  tasks.o(.text)
    vTaskSuspendAll                          0x08005f45   Thumb Code    12  tasks.o(.text)
    vTaskDelayUntil                          0x08005f51   Thumb Code   182  tasks.o(.text)
    vTaskDelay                               0x08006007   Thumb Code    76  tasks.o(.text)
    eTaskGetState                            0x08006053   Thumb Code   106  tasks.o(.text)
    uxTaskPriorityGet                        0x080060bd   Thumb Code    30  tasks.o(.text)
    uxTaskPriorityGetFromISR                 0x080060db   Thumb Code    62  tasks.o(.text)
    vTaskPrioritySet                         0x08006119   Thumb Code   314  tasks.o(.text)
    vTaskSwitchContext                       0x08006253   Thumb Code   168  tasks.o(.text)
    vTaskSuspend                             0x080062fb   Thumb Code   190  tasks.o(.text)
    vTaskResume                              0x08006405   Thumb Code   122  tasks.o(.text)
    xTaskResumeFromISR                       0x0800647f   Thumb Code   152  tasks.o(.text)
    vTaskStartScheduler                      0x0800658d   Thumb Code   202  tasks.o(.text)
    vTaskEndScheduler                        0x08006657   Thumb Code    32  tasks.o(.text)
    xTaskGetTickCount                        0x08006677   Thumb Code     6  tasks.o(.text)
    xTaskGetTickCountFromISR                 0x0800667d   Thumb Code    16  tasks.o(.text)
    uxTaskGetNumberOfTasks                   0x0800668d   Thumb Code     6  tasks.o(.text)
    pcTaskGetName                            0x08006693   Thumb Code    40  tasks.o(.text)
    vTaskGetInfo                             0x080066d1   Thumb Code   114  tasks.o(.text)
    uxTaskGetSystemState                     0x080067ad   Thumb Code   156  tasks.o(.text)
    vTaskPlaceOnEventList                    0x08006849   Thumb Code    46  tasks.o(.text)
    vTaskPlaceOnUnorderedEventList           0x08006877   Thumb Code    88  tasks.o(.text)
    vTaskPlaceOnEventListRestricted          0x080068cf   Thumb Code    54  tasks.o(.text)
    xTaskRemoveFromEventList                 0x08006905   Thumb Code   122  tasks.o(.text)
    xTaskRemoveFromUnorderedEventList        0x0800697f   Thumb Code   142  tasks.o(.text)
    vTaskSetTimeOutState                     0x08006a0d   Thumb Code    36  tasks.o(.text)
    xTaskCheckForTimeOut                     0x08006a31   Thumb Code   186  tasks.o(.text)
    vTaskMissedYield                         0x08006aeb   Thumb Code     8  tasks.o(.text)
    uxTaskGetTaskNumber                      0x08006af3   Thumb Code    14  tasks.o(.text)
    vTaskSetTaskNumber                       0x08006b01   Thumb Code     8  tasks.o(.text)
    xTaskGetCurrentTaskHandle                0x08006b09   Thumb Code     6  tasks.o(.text)
    xTaskGetSchedulerState                   0x08006b0f   Thumb Code    24  tasks.o(.text)
    vTaskPriorityInherit                     0x08006b27   Thumb Code   164  tasks.o(.text)
    xTaskPriorityDisinherit                  0x08006bcb   Thumb Code   176  tasks.o(.text)
    vTaskList                                0x08006ca5   Thumb Code   204  tasks.o(.text)
    vTaskGetRunTimeStats                     0x08006d71   Thumb Code   182  tasks.o(.text)
    uxTaskResetEventItemValue                0x08006e27   Thumb Code    24  tasks.o(.text)
    pvTaskIncrementMutexHeldCount            0x08006e3f   Thumb Code    26  tasks.o(.text)
    ulTaskNotifyTake                         0x08006e59   Thumb Code   190  tasks.o(.text)
    xTaskNotifyWait                          0x08006f17   Thumb Code   150  tasks.o(.text)
    xTaskGenericNotify                       0x08006fad   Thumb Code   226  tasks.o(.text)
    xTaskGenericNotifyFromISR                0x0800708f   Thumb Code   282  tasks.o(.text)
    vTaskNotifyGiveFromISR                   0x080071a9   Thumb Code   200  tasks.o(.text)
    xTaskNotifyStateClear                    0x08007271   Thumb Code    48  tasks.o(.text)
    xTimerGenericCommand                     0x08007311   Thumb Code   118  timers.o(.text)
    xTimerCreateTimerTask                    0x08007679   Thumb Code    56  timers.o(.text)
    xTimerCreate                             0x08007757   Thumb Code    48  timers.o(.text)
    xTimerGetTimerDaemonTaskHandle           0x08007787   Thumb Code    38  timers.o(.text)
    xTimerGetPeriod                          0x080077ad   Thumb Code    28  timers.o(.text)
    xTimerGetExpiryTime                      0x080077c9   Thumb Code    30  timers.o(.text)
    pcTimerGetName                           0x080077e7   Thumb Code    28  timers.o(.text)
    xTimerIsTimerActive                      0x08007803   Thumb Code    50  timers.o(.text)
    pvTimerGetTimerID                        0x08007835   Thumb Code    38  timers.o(.text)
    vTimerSetTimerID                         0x0800785b   Thumb Code    38  timers.o(.text)
    xTimerPendFunctionCallFromISR            0x08007881   Thumb Code    48  timers.o(.text)
    xTimerPendFunctionCall                   0x080078b1   Thumb Code    70  timers.o(.text)
    pxPortInitialiseStack                    0x08007931   Thumb Code    30  port.o(.text)
    vPortSetupTimerInterrupt                 0x0800794f   Thumb Code    26  port.o(.text)
    xPortStartScheduler                      0x08007969   Thumb Code   140  port.o(.text)
    vPortEndScheduler                        0x080079f5   Thumb Code    34  port.o(.text)
    vPortEnterCritical                       0x08007a17   Thumb Code    70  port.o(.text)
    vPortExitCritical                        0x08007a5d   Thumb Code    48  port.o(.text)
    xPortSysTickHandler                      0x08007a8d   Thumb Code    48  port.o(.text)
    vPortValidateInterruptPriority           0x08007abd   Thumb Code    88  port.o(.text)
    pvPortMalloc                             0x08007c2f   Thumb Code   262  heap_4.o(.text)
    vPortFree                                0x08007d35   Thumb Code   120  heap_4.o(.text)
    xPortGetFreeHeapSize                     0x08007dad   Thumb Code     6  heap_4.o(.text)
    xPortGetMinimumEverFreeHeapSize          0x08007db3   Thumb Code     6  heap_4.o(.text)
    vPortInitialiseBlocks                    0x08007db9   Thumb Code     2  heap_4.o(.text)
    __use_no_semihosting                     0x08007e0d   Thumb Code     2  use_no_semi_2.o(.text)
    __2printf                                0x08007e11   Thumb Code    20  noretval__2printf.o(.text)
    __2sprintf                               0x08007e29   Thumb Code    34  noretval__2sprintf.o(.text)
    __printf                                 0x08007e51   Thumb Code   104  __printf.o(.text)
    _printf_str                              0x08007eb9   Thumb Code    82  _printf_str.o(.text)
    _printf_int_dec                          0x08007f0d   Thumb Code   104  _printf_dec.o(.text)
    strcpy                                   0x08007f85   Thumb Code    72  strcpy.o(.text)
    strlen                                   0x08007fcd   Thumb Code    62  strlen.o(.text)
    __aeabi_memcpy                           0x0800800b   Thumb Code     0  rt_memcpy_v6.o(.text)
    __rt_memcpy                              0x0800800b   Thumb Code   138  rt_memcpy_v6.o(.text)
    _memcpy_lastbytes                        0x08008071   Thumb Code     0  rt_memcpy_v6.o(.text)
    __aeabi_memset                           0x08008095   Thumb Code    16  aeabi_memset.o(.text)
    __aeabi_memclr4                          0x080080a5   Thumb Code     0  rt_memclr_w.o(.text)
    __aeabi_memclr8                          0x080080a5   Thumb Code     0  rt_memclr_w.o(.text)
    __rt_memclr_w                            0x080080a5   Thumb Code    78  rt_memclr_w.o(.text)
    _memset_w                                0x080080a9   Thumb Code     0  rt_memclr_w.o(.text)
    __use_two_region_memory                  0x080080f3   Thumb Code     2  heapauxi.o(.text)
    __rt_heap_escrow$2region                 0x080080f5   Thumb Code     2  heapauxi.o(.text)
    __rt_heap_expand$2region                 0x080080f7   Thumb Code     2  heapauxi.o(.text)
    __I$use$semihosting                      0x080080f9   Thumb Code     0  use_no_semi.o(.text)
    __use_no_semihosting_swi                 0x080080f9   Thumb Code     2  use_no_semi.o(.text)
    _printf_int_common                       0x080080fb   Thumb Code   178  _printf_intcommon.o(.text)
    _printf_char_common                      0x080081b7   Thumb Code    32  _printf_char_common.o(.text)
    _sputc                                   0x080081dd   Thumb Code    10  _sputc.o(.text)
    _printf_cs_common                        0x080081e7   Thumb Code    20  _printf_char.o(.text)
    _printf_char                             0x080081fb   Thumb Code    16  _printf_char.o(.text)
    _printf_string                           0x0800820b   Thumb Code     8  _printf_char.o(.text)
    _printf_char_file                        0x08008215   Thumb Code    32  _printf_char_file.o(.text)
    __aeabi_memcpy4                          0x08008239   Thumb Code     0  rt_memcpy_w.o(.text)
    __aeabi_memcpy8                          0x08008239   Thumb Code     0  rt_memcpy_w.o(.text)
    __rt_memcpy_w                            0x08008239   Thumb Code   100  rt_memcpy_w.o(.text)
    _memcpy_lastbytes_aligned                0x08008281   Thumb Code     0  rt_memcpy_w.o(.text)
    __aeabi_memclr                           0x0800829d   Thumb Code     0  rt_memclr.o(.text)
    __rt_memclr                              0x0800829d   Thumb Code    68  rt_memclr.o(.text)
    _memset                                  0x080082a1   Thumb Code     0  rt_memclr.o(.text)
    ferror                                   0x080082e1   Thumb Code     8  ferror.o(.text)
    __user_setup_stackheap                   0x080082e9   Thumb Code    74  sys_stackheap_outer.o(.text)
    exit                                     0x08008333   Thumb Code    18  exit.o(.text)
    __user_libspace                          0x08008345   Thumb Code     8  libspace.o(.text)
    __user_perproc_libspace                  0x08008345   Thumb Code     0  libspace.o(.text)
    __user_perthread_libspace                0x08008345   Thumb Code     0  libspace.o(.text)
    Region$$Table$$Base                      0x0800836c   Number         0  anon$$obj.o(Region$$Table)
    Region$$Table$$Limit                     0x0800838c   Number         0  anon$$obj.o(Region$$Table)
    I2c_ReadCallback_Handler                 0x20000000   Data           4  main.o(.data)
    SystemCoreClock                          0x20000004   Data           4  system_stm32f10x.o(.data)
    AHBPrescTable                            0x20000008   Data          16  system_stm32f10x.o(.data)
    StartTask_Handler                        0x20000018   Data           4  app.o(.data)
    ReceiveTask_Handler                      0x2000001c   Data           4  app.o(.data)
    SendTask_Handler                         0x20000020   Data           4  app.o(.data)
    CheckTask_Handler                        0x20000024   Data           4  app.o(.data)
    Check_Queue                              0x20000028   Data           4  app.o(.data)
    Send_Queue                               0x2000002c   Data           4  app.o(.data)
    Receive_Queue                            0x20000030   Data           4  app.o(.data)
    DMA1_MEM_LEN                             0x20000034   Data           2  check_task.o(.data)
    FreeRTOSRunTimeTicks                     0x20000068   Data           8  timer.o(.data)
    __stdout                                 0x200000d0   Data           4  usart.o(.data)
    USART_RX_STA                             0x200000d4   Data           2  usart.o(.data)
    pxCurrentTCB                             0x200000ec   Data           4  tasks.o(.data)
    Channel_RECbuffer                        0x20000378   Data          80  check_task.o(.bss)
    DMA_InitStructure                        0x20000454   Data          44  bsp_dma.o(.bss)
    USART_RX_BUF                             0x20000480   Data         200  usart.o(.bss)
    xQueueRegistry                           0x20000548   Data          64  queue.o(.bss)
    __libspace_start                         0x20005894   Data          96  libspace.o(.bss)
    __temporary_stack_top$libspace           0x200058f4   Data           0  libspace.o(.bss)



==============================================================================

Memory Map of the image

  Image Entry point : 0x08000131

  Load Region LR_IROM1 (Base: 0x08000000, Size: 0x000084f4, Max: 0x00040000, ABSOLUTE, COMPRESSED[0x00008400])

    Execution Region ER_IROM1 (Exec base: 0x08000000, Load base: 0x08000000, Size: 0x0000838c, Max: 0x00040000, ABSOLUTE)

    Exec Addr    Load Addr    Size         Type   Attr      Idx    E Section Name        Object

    0x08000000   0x08000000   0x00000130   Data   RO          530    RESET               startup_stm32f10x_hd.o
    0x08000130   0x08000130   0x00000008   Code   RO          882  * !!!main             c_w.l(__main.o)
    0x08000138   0x08000138   0x00000034   Code   RO         1060    !!!scatter          c_w.l(__scatter.o)
    0x0800016c   0x0800016c   0x0000005a   Code   RO         1058    !!dczerorl2         c_w.l(__dczerorl2.o)
    0x080001c6   0x080001c6   0x00000002   PAD
    0x080001c8   0x080001c8   0x0000001c   Code   RO         1062    !!handler_zi        c_w.l(__scatter_zi.o)
    0x080001e4   0x080001e4   0x00000000   Code   RO          869    .ARM.Collect$$_printf_percent$$00000000  c_w.l(_printf_percent.o)
    0x080001e4   0x080001e4   0x00000006   Code   RO          867    .ARM.Collect$$_printf_percent$$00000009  c_w.l(_printf_d.o)
    0x080001ea   0x080001ea   0x00000006   Code   RO          868    .ARM.Collect$$_printf_percent$$0000000A  c_w.l(_printf_u.o)
    0x080001f0   0x080001f0   0x00000006   Code   RO          865    .ARM.Collect$$_printf_percent$$00000013  c_w.l(_printf_c.o)
    0x080001f6   0x080001f6   0x00000006   Code   RO          866    .ARM.Collect$$_printf_percent$$00000014  c_w.l(_printf_s.o)
    0x080001fc   0x080001fc   0x00000004   Code   RO          897    .ARM.Collect$$_printf_percent$$00000017  c_w.l(_printf_percent_end.o)
    0x08000200   0x08000200   0x00000002   Code   RO          932    .ARM.Collect$$libinit$$00000000  c_w.l(libinit.o)
    0x08000202   0x08000202   0x00000000   Code   RO          939    .ARM.Collect$$libinit$$00000002  c_w.l(libinit2.o)
    0x08000202   0x08000202   0x00000000   Code   RO          941    .ARM.Collect$$libinit$$00000004  c_w.l(libinit2.o)
    0x08000202   0x08000202   0x00000000   Code   RO          944    .ARM.Collect$$libinit$$0000000A  c_w.l(libinit2.o)
    0x08000202   0x08000202   0x00000000   Code   RO          946    .ARM.Collect$$libinit$$0000000C  c_w.l(libinit2.o)
    0x08000202   0x08000202   0x00000000   Code   RO          948    .ARM.Collect$$libinit$$0000000E  c_w.l(libinit2.o)
    0x08000202   0x08000202   0x00000000   Code   RO          951    .ARM.Collect$$libinit$$00000011  c_w.l(libinit2.o)
    0x08000202   0x08000202   0x00000000   Code   RO          953    .ARM.Collect$$libinit$$00000013  c_w.l(libinit2.o)
    0x08000202   0x08000202   0x00000000   Code   RO          955    .ARM.Collect$$libinit$$00000015  c_w.l(libinit2.o)
    0x08000202   0x08000202   0x00000000   Code   RO          957    .ARM.Collect$$libinit$$00000017  c_w.l(libinit2.o)
    0x08000202   0x08000202   0x00000000   Code   RO          959    .ARM.Collect$$libinit$$00000019  c_w.l(libinit2.o)
    0x08000202   0x08000202   0x00000000   Code   RO          961    .ARM.Collect$$libinit$$0000001B  c_w.l(libinit2.o)
    0x08000202   0x08000202   0x00000000   Code   RO          963    .ARM.Collect$$libinit$$0000001D  c_w.l(libinit2.o)
    0x08000202   0x08000202   0x00000000   Code   RO          965    .ARM.Collect$$libinit$$0000001F  c_w.l(libinit2.o)
    0x08000202   0x08000202   0x00000000   Code   RO          967    .ARM.Collect$$libinit$$00000021  c_w.l(libinit2.o)
    0x08000202   0x08000202   0x00000000   Code   RO          969    .ARM.Collect$$libinit$$00000023  c_w.l(libinit2.o)
    0x08000202   0x08000202   0x00000000   Code   RO          971    .ARM.Collect$$libinit$$00000025  c_w.l(libinit2.o)
    0x08000202   0x08000202   0x00000000   Code   RO          975    .ARM.Collect$$libinit$$0000002C  c_w.l(libinit2.o)
    0x08000202   0x08000202   0x00000000   Code   RO          977    .ARM.Collect$$libinit$$0000002E  c_w.l(libinit2.o)
    0x08000202   0x08000202   0x00000000   Code   RO          979    .ARM.Collect$$libinit$$00000030  c_w.l(libinit2.o)
    0x08000202   0x08000202   0x00000000   Code   RO          981    .ARM.Collect$$libinit$$00000032  c_w.l(libinit2.o)
    0x08000202   0x08000202   0x00000002   Code   RO          982    .ARM.Collect$$libinit$$00000033  c_w.l(libinit2.o)
    0x08000204   0x08000204   0x00000002   Code   RO         1000    .ARM.Collect$$libshutdown$$00000000  c_w.l(libshutdown.o)
    0x08000206   0x08000206   0x00000000   Code   RO         1010    .ARM.Collect$$libshutdown$$00000002  c_w.l(libshutdown2.o)
    0x08000206   0x08000206   0x00000000   Code   RO         1012    .ARM.Collect$$libshutdown$$00000004  c_w.l(libshutdown2.o)
    0x08000206   0x08000206   0x00000000   Code   RO         1015    .ARM.Collect$$libshutdown$$00000007  c_w.l(libshutdown2.o)
    0x08000206   0x08000206   0x00000000   Code   RO         1018    .ARM.Collect$$libshutdown$$0000000A  c_w.l(libshutdown2.o)
    0x08000206   0x08000206   0x00000000   Code   RO         1020    .ARM.Collect$$libshutdown$$0000000C  c_w.l(libshutdown2.o)
    0x08000206   0x08000206   0x00000000   Code   RO         1023    .ARM.Collect$$libshutdown$$0000000F  c_w.l(libshutdown2.o)
    0x08000206   0x08000206   0x00000002   Code   RO         1024    .ARM.Collect$$libshutdown$$00000010  c_w.l(libshutdown2.o)
    0x08000208   0x08000208   0x00000000   Code   RO          886    .ARM.Collect$$rtentry$$00000000  c_w.l(__rtentry.o)
    0x08000208   0x08000208   0x00000000   Code   RO          903    .ARM.Collect$$rtentry$$00000002  c_w.l(__rtentry2.o)
    0x08000208   0x08000208   0x00000006   Code   RO          915    .ARM.Collect$$rtentry$$00000004  c_w.l(__rtentry4.o)
    0x0800020e   0x0800020e   0x00000000   Code   RO          905    .ARM.Collect$$rtentry$$00000009  c_w.l(__rtentry2.o)
    0x0800020e   0x0800020e   0x00000004   Code   RO          906    .ARM.Collect$$rtentry$$0000000A  c_w.l(__rtentry2.o)
    0x08000212   0x08000212   0x00000000   Code   RO          908    .ARM.Collect$$rtentry$$0000000C  c_w.l(__rtentry2.o)
    0x08000212   0x08000212   0x00000008   Code   RO          909    .ARM.Collect$$rtentry$$0000000D  c_w.l(__rtentry2.o)
    0x0800021a   0x0800021a   0x00000002   Code   RO          936    .ARM.Collect$$rtexit$$00000000  c_w.l(rtexit.o)
    0x0800021c   0x0800021c   0x00000000   Code   RO          984    .ARM.Collect$$rtexit$$00000002  c_w.l(rtexit2.o)
    0x0800021c   0x0800021c   0x00000004   Code   RO          985    .ARM.Collect$$rtexit$$00000003  c_w.l(rtexit2.o)
    0x08000220   0x08000220   0x00000006   Code   RO          986    .ARM.Collect$$rtexit$$00000004  c_w.l(rtexit2.o)
    0x08000226   0x08000226   0x00000002   PAD
    0x08000228   0x08000228   0x00000096   Code   RO          782    .emb_text           port.o
    0x080002be   0x080002be   0x00000002   PAD
    0x080002c0   0x080002c0   0x000001c4   Code   RO            1    .text               main.o
    0x08000484   0x08000484   0x00000098   Code   RO          183    .text               stm32f10x_it.o
    0x0800051c   0x0800051c   0x000001e0   Code   RO          253    .text               system_stm32f10x.o
    0x080006fc   0x080006fc   0x00000068   Code   RO          271    .text               app.o
    0x08000764   0x08000764   0x00000ab8   Code   RO          301    .text               check_task.o
    0x0800121c   0x0800121c   0x000003ac   Code   RO          326    .text               lib_queue.o
    0x080015c8   0x080015c8   0x00000138   Code   RO          353    .text               send_task.o
    0x08001700   0x08001700   0x000001a4   Code   RO          368    .text               iic_slave.o
    0x080018a4   0x080018a4   0x000000a0   Code   RO          383    .text               timer.o
    0x08001944   0x08001944   0x00000418   Code   RO          401    .text               bsp_gpio.o
    0x08001d5c   0x08001d5c   0x00000084   Code   RO          433    .text               bsp_dma.o
    0x08001de0   0x08001de0   0x00000104   Code   RO          461    .text               delay.o
    0x08001ee4   0x08001ee4   0x00000140   Code   RO          492    .text               usart.o
    0x08002024   0x08002024   0x00000040   Code   RO          531    .text               startup_stm32f10x_hd.o
    0x08002064   0x08002064   0x000000dc   Code   RO          535    .text               misc.o
    0x08002140   0x08002140   0x0000035c   Code   RO          547    .text               stm32f10x_gpio.o
    0x0800249c   0x0800249c   0x000003a4   Code   RO          559    .text               stm32f10x_rcc.o
    0x08002840   0x08002840   0x00000408   Code   RO          573    .text               stm32f10x_usart.o
    0x08002c48   0x08002c48   0x00000e1a   Code   RO          585    .text               stm32f10x_tim.o
    0x08003a62   0x08003a62   0x00000002   PAD
    0x08003a64   0x08003a64   0x0000011c   Code   RO          597    .text               stm32f10x_exti.o
    0x08003b80   0x08003b80   0x0000044e   Code   RO          609    .text               stm32f10x_adc.o
    0x08003fce   0x08003fce   0x00000002   PAD
    0x08003fd0   0x08003fd0   0x00000254   Code   RO          621    .text               stm32f10x_dma.o
    0x08004224   0x08004224   0x000005bc   Code   RO          633    .text               stm32f10x_flash.o
    0x080047e0   0x080047e0   0x00000404   Code   RO          645    .text               stm32f10x_i2c.o
    0x08004be4   0x08004be4   0x00000094   Code   RO          706    .text               list.o
    0x08004c78   0x08004c78   0x00000d0c   Code   RO          718    .text               queue.o
    0x08005984   0x08005984   0x0000193c   Code   RO          736    .text               tasks.o
    0x080072c0   0x080072c0   0x00000640   Code   RO          767    .text               timers.o
    0x08007900   0x08007900   0x0000026c   Code   RO          783    .text               port.o
    0x08007b6c   0x08007b6c   0x000002a0   Code   RO          812    .text               heap_4.o
    0x08007e0c   0x08007e0c   0x00000002   Code   RO          829    .text               c_w.l(use_no_semi_2.o)
    0x08007e0e   0x08007e0e   0x00000002   PAD
    0x08007e10   0x08007e10   0x00000018   Code   RO          835    .text               c_w.l(noretval__2printf.o)
    0x08007e28   0x08007e28   0x00000028   Code   RO          837    .text               c_w.l(noretval__2sprintf.o)
    0x08007e50   0x08007e50   0x00000068   Code   RO          839    .text               c_w.l(__printf.o)
    0x08007eb8   0x08007eb8   0x00000052   Code   RO          841    .text               c_w.l(_printf_str.o)
    0x08007f0a   0x08007f0a   0x00000002   PAD
    0x08007f0c   0x08007f0c   0x00000078   Code   RO          843    .text               c_w.l(_printf_dec.o)
    0x08007f84   0x08007f84   0x00000048   Code   RO          870    .text               c_w.l(strcpy.o)
    0x08007fcc   0x08007fcc   0x0000003e   Code   RO          872    .text               c_w.l(strlen.o)
    0x0800800a   0x0800800a   0x0000008a   Code   RO          874    .text               c_w.l(rt_memcpy_v6.o)
    0x08008094   0x08008094   0x00000010   Code   RO          876    .text               c_w.l(aeabi_memset.o)
    0x080080a4   0x080080a4   0x0000004e   Code   RO          878    .text               c_w.l(rt_memclr_w.o)
    0x080080f2   0x080080f2   0x00000006   Code   RO          880    .text               c_w.l(heapauxi.o)
    0x080080f8   0x080080f8   0x00000002   Code   RO          884    .text               c_w.l(use_no_semi.o)
    0x080080fa   0x080080fa   0x000000b2   Code   RO          887    .text               c_w.l(_printf_intcommon.o)
    0x080081ac   0x080081ac   0x00000030   Code   RO          889    .text               c_w.l(_printf_char_common.o)
    0x080081dc   0x080081dc   0x0000000a   Code   RO          891    .text               c_w.l(_sputc.o)
    0x080081e6   0x080081e6   0x0000002c   Code   RO          893    .text               c_w.l(_printf_char.o)
    0x08008212   0x08008212   0x00000002   PAD
    0x08008214   0x08008214   0x00000024   Code   RO          895    .text               c_w.l(_printf_char_file.o)
    0x08008238   0x08008238   0x00000064   Code   RO          898    .text               c_w.l(rt_memcpy_w.o)
    0x0800829c   0x0800829c   0x00000044   Code   RO          900    .text               c_w.l(rt_memclr.o)
    0x080082e0   0x080082e0   0x00000008   Code   RO          919    .text               c_w.l(ferror.o)
    0x080082e8   0x080082e8   0x0000004a   Code   RO          923    .text               c_w.l(sys_stackheap_outer.o)
    0x08008332   0x08008332   0x00000012   Code   RO          925    .text               c_w.l(exit.o)
    0x08008344   0x08008344   0x00000008   Code   RO          933    .text               c_w.l(libspace.o)
    0x0800834c   0x0800834c   0x00000020   Data   RO          355    .constdata          send_task.o
    0x0800836c   0x0800836c   0x00000020   Data   RO         1056    Region$$Table       anon$$obj.o


    Execution Region RW_IRAM1 (Exec base: 0x20000000, Load base: 0x0800838c, Size: 0x00005ef8, Max: 0x0000c000, ABSOLUTE, COMPRESSED[0x00000074])

    Exec Addr    Load Addr    Size         Type   Attr      Idx    E Section Name        Object

    0x20000000   COMPRESSED   0x00000004   Data   RW            2    .data               main.o
    0x20000004   COMPRESSED   0x00000014   Data   RW          254    .data               system_stm32f10x.o
    0x20000018   COMPRESSED   0x0000001c   Data   RW          272    .data               app.o
    0x20000034   COMPRESSED   0x00000027   Data   RW          303    .data               check_task.o
    0x2000005b   COMPRESSED   0x00000001   PAD
    0x2000005c   COMPRESSED   0x0000000c   Data   RW          370    .data               iic_slave.o
    0x20000068   COMPRESSED   0x00000008   Data   RW          384    .data               timer.o
    0x20000070   COMPRESSED   0x0000005c   Data   RW          403    .data               bsp_gpio.o
    0x200000cc   COMPRESSED   0x00000004   Data   RW          462    .data               delay.o
    0x200000d0   COMPRESSED   0x00000006   Data   RW          494    .data               usart.o
    0x200000d6   COMPRESSED   0x00000014   Data   RW          560    .data               stm32f10x_rcc.o
    0x200000ea   COMPRESSED   0x00000002   PAD
    0x200000ec   COMPRESSED   0x00000044   Data   RW          738    .data               tasks.o
    0x20000130   COMPRESSED   0x00000014   Data   RW          769    .data               timers.o
    0x20000144   COMPRESSED   0x0000000c   Data   RW          784    .data               port.o
    0x20000150   COMPRESSED   0x00000018   Data   RW          814    .data               heap_4.o
    0x20000168        -       0x00000260   Zero   RW          302    .bss                check_task.o
    0x200003c8        -       0x0000003c   Zero   RW          369    .bss                iic_slave.o
    0x20000404        -       0x00000050   Zero   RW          402    .bss                bsp_gpio.o
    0x20000454        -       0x0000002c   Zero   RW          434    .bss                bsp_dma.o
    0x20000480        -       0x000000c8   Zero   RW          493    .bss                usart.o
    0x20000548        -       0x00000040   Zero   RW          719    .bss                queue.o
    0x20000588        -       0x000002e4   Zero   RW          737    .bss                tasks.o
    0x2000086c        -       0x00000028   Zero   RW          768    .bss                timers.o
    0x20000894        -       0x00005000   Zero   RW          813    .bss                heap_4.o
    0x20005894        -       0x00000060   Zero   RW          934    .bss                c_w.l(libspace.o)
    0x200058f4   COMPRESSED   0x00000004   PAD
    0x200058f8        -       0x00000200   Zero   RW          529    HEAP                startup_stm32f10x_hd.o
    0x20005af8        -       0x00000400   Zero   RW          528    STACK               startup_stm32f10x_hd.o


==============================================================================

Image component sizes


      Code (inc. data)   RO Data    RW Data    ZI Data      Debug   Object Name

       104          4          0         28          0       1404   app.o
       132         14          0          0         44       1359   bsp_dma.o
      1048         44          0         92         80       4722   bsp_gpio.o
      2744        136          0         39        608       6454   check_task.o
       260         18          0          4          0       1469   delay.o
         0          0          0          0          0       9324   event_groups.o
       672         82          0         24      20480       3236   heap_4.o
       420         42          0         12         60       1773   iic_slave.o
       940          0          0          0          0       5494   lib_queue.o
       148          0          0          0          0       1806   list.o
       452        114          0          4          0     306795   main.o
       220         22          0          0          0       1769   misc.o
       770        100          0         12          0       7635   port.o
      3340         52          0          0         64      16318   queue.o
       312         38         32          0          0       2210   send_task.o
        64         26        304          0       1536        788   startup_stm32f10x_hd.o
      1102         26          0          0          0      11013   stm32f10x_adc.o
       596          8          0          0          0       4334   stm32f10x_dma.o
       284         10          0          0          0       2227   stm32f10x_exti.o
      1468         34          0          0          0       8178   stm32f10x_flash.o
       860         38          0          0          0       5705   stm32f10x_gpio.o
      1028         16          0          0          0       9195   stm32f10x_i2c.o
       152          0          0          0          0     219842   stm32f10x_it.o
       932         36          0         20          0       8872   stm32f10x_rcc.o
      3610         88          0          0          0      22812   stm32f10x_tim.o
      1032         22          0          0          0       8428   stm32f10x_usart.o
         0          0          0          0          0         32   sys.o
       480         38          0         20          0       1695   system_stm32f10x.o
      6460        438          0         68        740      32537   tasks.o
       160          8          0          8          0       1196   timer.o
      1600        112          0         20         40       8816   timers.o
       320         18          0          6        200       3126   usart.o

    ----------------------------------------------------------------------
     31716       1584        368        360      23852     720564   Object Totals
         0          0         32          0          0          0   (incl. Generated)
         6          0          0          3          0          0   (incl. Padding)

    ----------------------------------------------------------------------

      Code (inc. data)   RO Data    RW Data    ZI Data      Debug   Library Member Name

        90          0          0          0          0          0   __dczerorl2.o
         8          0          0          0          0         68   __main.o
       104          0          0          0          0         84   __printf.o
         0          0          0          0          0          0   __rtentry.o
        12          0          0          0          0          0   __rtentry2.o
         6          0          0          0          0          0   __rtentry4.o
        52          8          0          0          0          0   __scatter.o
        28          0          0          0          0          0   __scatter_zi.o
         6          0          0          0          0          0   _printf_c.o
        44          0          0          0          0        108   _printf_char.o
        48          6          0          0          0         96   _printf_char_common.o
        36          4          0          0          0         80   _printf_char_file.o
         6          0          0          0          0          0   _printf_d.o
       120         16          0          0          0         92   _printf_dec.o
       178          0          0          0          0         88   _printf_intcommon.o
         0          0          0          0          0          0   _printf_percent.o
         4          0          0          0          0          0   _printf_percent_end.o
         6          0          0          0          0          0   _printf_s.o
        82          0          0          0          0         80   _printf_str.o
         6          0          0          0          0          0   _printf_u.o
        10          0          0          0          0         68   _sputc.o
        16          0          0          0          0         68   aeabi_memset.o
        18          0          0          0          0         80   exit.o
         8          0          0          0          0         68   ferror.o
         6          0          0          0          0        152   heapauxi.o
         2          0          0          0          0          0   libinit.o
         2          0          0          0          0          0   libinit2.o
         2          0          0          0          0          0   libshutdown.o
         2          0          0          0          0          0   libshutdown2.o
         8          4          0          0         96         68   libspace.o
        24          4          0          0          0         84   noretval__2printf.o
        40          6          0          0          0         84   noretval__2sprintf.o
        68          0          0          0          0         68   rt_memclr.o
        78          0          0          0          0         80   rt_memclr_w.o
       138          0          0          0          0         68   rt_memcpy_v6.o
       100          0          0          0          0         80   rt_memcpy_w.o
         2          0          0          0          0          0   rtexit.o
        10          0          0          0          0          0   rtexit2.o
        72          0          0          0          0         80   strcpy.o
        62          0          0          0          0         76   strlen.o
        74          0          0          0          0         80   sys_stackheap_outer.o
         2          0          0          0          0         68   use_no_semi.o
         2          0          0          0          0         68   use_no_semi_2.o

    ----------------------------------------------------------------------
      1592         48          0          0        100       2036   Library Totals
        10          0          0          0          4          0   (incl. Padding)

    ----------------------------------------------------------------------

      Code (inc. data)   RO Data    RW Data    ZI Data      Debug   Library Name

      1582         48          0          0         96       2036   c_w.l

    ----------------------------------------------------------------------
      1592         48          0          0        100       2036   Library Totals

    ----------------------------------------------------------------------

==============================================================================


      Code (inc. data)   RO Data    RW Data    ZI Data      Debug   

     33308       1632        368        360      23952     718332   Grand Totals
     33308       1632        368        116      23952     718332   ELF Image Totals (compressed)
     33308       1632        368        116          0          0   ROM Totals

==============================================================================

    Total RO  Size (Code + RO Data)                33676 (  32.89kB)
    Total RW  Size (RW Data + ZI Data)             24312 (  23.74kB)
    Total ROM Size (Code + RO Data + RW Data)      33792 (  33.00kB)

==============================================================================

